Archive member included to satisfy reference by file (symbol)

/opt/st/stm32cubeide_1.15.1_2/plugins/com.st.stm32cube.ide.mcu.externaltools.gnu-tools-for-stm32.12.3.rel1.linux64_1.0.100.202403111256/tools/bin/../lib/gcc/arm-none-eabi/12.3.1/../../../../arm-none-eabi/lib/thumb/v7e-m/nofp/libc_nano.a(libc_a-exit.o)
                              /opt/st/stm32cubeide_1.15.1_2/plugins/com.st.stm32cube.ide.mcu.externaltools.gnu-tools-for-stm32.12.3.rel1.linux64_1.0.100.202403111256/tools/bin/../lib/gcc/arm-none-eabi/12.3.1/../../../../arm-none-eabi/lib/thumb/v7e-m/nofp/crt0.o (exit)
/opt/st/stm32cubeide_1.15.1_2/plugins/com.st.stm32cube.ide.mcu.externaltools.gnu-tools-for-stm32.12.3.rel1.linux64_1.0.100.202403111256/tools/bin/../lib/gcc/arm-none-eabi/12.3.1/../../../../arm-none-eabi/lib/thumb/v7e-m/nofp/libc_nano.a(libc_a-findfp.o)
                              /opt/st/stm32cubeide_1.15.1_2/plugins/com.st.stm32cube.ide.mcu.externaltools.gnu-tools-for-stm32.12.3.rel1.linux64_1.0.100.202403111256/tools/bin/../lib/gcc/arm-none-eabi/12.3.1/../../../../arm-none-eabi/lib/thumb/v7e-m/nofp/libc_nano.a(libc_a-exit.o) (__stdio_exit_handler)
/opt/st/stm32cubeide_1.15.1_2/plugins/com.st.stm32cube.ide.mcu.externaltools.gnu-tools-for-stm32.12.3.rel1.linux64_1.0.100.202403111256/tools/bin/../lib/gcc/arm-none-eabi/12.3.1/../../../../arm-none-eabi/lib/thumb/v7e-m/nofp/libc_nano.a(libc_a-fwalk.o)
                              /opt/st/stm32cubeide_1.15.1_2/plugins/com.st.stm32cube.ide.mcu.externaltools.gnu-tools-for-stm32.12.3.rel1.linux64_1.0.100.202403111256/tools/bin/../lib/gcc/arm-none-eabi/12.3.1/../../../../arm-none-eabi/lib/thumb/v7e-m/nofp/libc_nano.a(libc_a-findfp.o) (_fwalk_sglue)
/opt/st/stm32cubeide_1.15.1_2/plugins/com.st.stm32cube.ide.mcu.externaltools.gnu-tools-for-stm32.12.3.rel1.linux64_1.0.100.202403111256/tools/bin/../lib/gcc/arm-none-eabi/12.3.1/../../../../arm-none-eabi/lib/thumb/v7e-m/nofp/libc_nano.a(libc_a-puts.o)
                              ./Src/main.o (puts)
/opt/st/stm32cubeide_1.15.1_2/plugins/com.st.stm32cube.ide.mcu.externaltools.gnu-tools-for-stm32.12.3.rel1.linux64_1.0.100.202403111256/tools/bin/../lib/gcc/arm-none-eabi/12.3.1/../../../../arm-none-eabi/lib/thumb/v7e-m/nofp/libc_nano.a(libc_a-stdio.o)
                              /opt/st/stm32cubeide_1.15.1_2/plugins/com.st.stm32cube.ide.mcu.externaltools.gnu-tools-for-stm32.12.3.rel1.linux64_1.0.100.202403111256/tools/bin/../lib/gcc/arm-none-eabi/12.3.1/../../../../arm-none-eabi/lib/thumb/v7e-m/nofp/libc_nano.a(libc_a-findfp.o) (__sread)
/opt/st/stm32cubeide_1.15.1_2/plugins/com.st.stm32cube.ide.mcu.externaltools.gnu-tools-for-stm32.12.3.rel1.linux64_1.0.100.202403111256/tools/bin/../lib/gcc/arm-none-eabi/12.3.1/../../../../arm-none-eabi/lib/thumb/v7e-m/nofp/libc_nano.a(libc_a-wbuf.o)
                              /opt/st/stm32cubeide_1.15.1_2/plugins/com.st.stm32cube.ide.mcu.externaltools.gnu-tools-for-stm32.12.3.rel1.linux64_1.0.100.202403111256/tools/bin/../lib/gcc/arm-none-eabi/12.3.1/../../../../arm-none-eabi/lib/thumb/v7e-m/nofp/libc_nano.a(libc_a-puts.o) (__swbuf_r)
/opt/st/stm32cubeide_1.15.1_2/plugins/com.st.stm32cube.ide.mcu.externaltools.gnu-tools-for-stm32.12.3.rel1.linux64_1.0.100.202403111256/tools/bin/../lib/gcc/arm-none-eabi/12.3.1/../../../../arm-none-eabi/lib/thumb/v7e-m/nofp/libc_nano.a(libc_a-wsetup.o)
                              /opt/st/stm32cubeide_1.15.1_2/plugins/com.st.stm32cube.ide.mcu.externaltools.gnu-tools-for-stm32.12.3.rel1.linux64_1.0.100.202403111256/tools/bin/../lib/gcc/arm-none-eabi/12.3.1/../../../../arm-none-eabi/lib/thumb/v7e-m/nofp/libc_nano.a(libc_a-puts.o) (__swsetup_r)
/opt/st/stm32cubeide_1.15.1_2/plugins/com.st.stm32cube.ide.mcu.externaltools.gnu-tools-for-stm32.12.3.rel1.linux64_1.0.100.202403111256/tools/bin/../lib/gcc/arm-none-eabi/12.3.1/../../../../arm-none-eabi/lib/thumb/v7e-m/nofp/libc_nano.a(libc_a-memset.o)
                              /opt/st/stm32cubeide_1.15.1_2/plugins/com.st.stm32cube.ide.mcu.externaltools.gnu-tools-for-stm32.12.3.rel1.linux64_1.0.100.202403111256/tools/bin/../lib/gcc/arm-none-eabi/12.3.1/../../../../arm-none-eabi/lib/thumb/v7e-m/nofp/crt0.o (memset)
/opt/st/stm32cubeide_1.15.1_2/plugins/com.st.stm32cube.ide.mcu.externaltools.gnu-tools-for-stm32.12.3.rel1.linux64_1.0.100.202403111256/tools/bin/../lib/gcc/arm-none-eabi/12.3.1/../../../../arm-none-eabi/lib/thumb/v7e-m/nofp/libc_nano.a(libc_a-closer.o)
                              /opt/st/stm32cubeide_1.15.1_2/plugins/com.st.stm32cube.ide.mcu.externaltools.gnu-tools-for-stm32.12.3.rel1.linux64_1.0.100.202403111256/tools/bin/../lib/gcc/arm-none-eabi/12.3.1/../../../../arm-none-eabi/lib/thumb/v7e-m/nofp/libc_nano.a(libc_a-stdio.o) (_close_r)
/opt/st/stm32cubeide_1.15.1_2/plugins/com.st.stm32cube.ide.mcu.externaltools.gnu-tools-for-stm32.12.3.rel1.linux64_1.0.100.202403111256/tools/bin/../lib/gcc/arm-none-eabi/12.3.1/../../../../arm-none-eabi/lib/thumb/v7e-m/nofp/libc_nano.a(libc_a-reent.o)
[...]
Memory Configuration

Name             Origin             Length             Attributes
CCMRAM           0x10000000         0x00010000         xrw
RAM              0x20000000         0x00020000         xrw
FLASH            0x08000000         0x00100000         xr
*default*        0x00000000         0xffffffff

Linker script and memory map

LOAD /opt/st/stm32cubeide_1.15.1_2/plugins/com.st.stm32cube.ide.mcu.externaltools.gnu-tools-for-stm32.12.3.rel1.linux64_1.0.100.202403111256/tools/bin/../lib/gcc/arm-none-eabi/12.3.1/thumb/v7e-m/nofp/crti.o
LOAD /opt/st/stm32cubeide_1.15.1_2/plugins/com.st.stm32cube.ide.mcu.externaltools.gnu-tools-for-stm32.12.3.rel1.linux64_1.0.100.202403111256/tools/bin/../lib/gcc/arm-none-eabi/12.3.1/thumb/v7e-m/nofp/crtbegin.o
LOAD /opt/st/stm32cubeide_1.15.1_2/plugins/com.st.stm32cube.ide.mcu.externaltools.gnu-tools-for-stm32.12.3.rel1.linux64_1.0.100.202403111256/tools/bin/../lib/gcc/arm-none-eabi/12.3.1/../../../../arm-none-eabi/lib/thumb/v7e-m/nofp/crt0.o
LOAD ./Src/itm.o
LOAD ./Src/main.o
LOAD ./Src/syscalls.o
LOAD ./Src/sysmem.o
LOAD ./Src/system_stm32f4xx.o
LOAD ./Startup/startup_stm32f407vgtx.o
START GROUP
LOAD /opt/st/stm32cubeide_1.15.1_2/plugins/com.st.stm32cube.ide.mcu.externaltools.gnu-tools-for-stm32.12.3.rel1.linux64_1.0.100.202403111256/tools/bin/../lib/gcc/arm-none-eabi/12.3.1/../../../../arm-none-eabi/lib/thumb/v7e-m/nofp/libc_nano.a
LOAD /opt/st/stm32cubeide_1.15.1_2/plugins/com.st.stm32cube.ide.mcu.externaltools.gnu-tools-for-stm32.12.3.rel1.linux64_1.0.100.202403111256/tools/bin/../lib/gcc/arm-none-eabi/12.3.1/../../../../arm-none-eabi/lib/thumb/v7e-m/nofp/libm.a
END GROUP
START GROUP
LOAD /opt/st/stm32cubeide_1.15.1_2/plugins/com.st.stm32cube.ide.mcu.externaltools.gnu-tools-for-stm32.12.3.rel1.linux64_1.0.100.202403111256/tools/bin/../lib/gcc/arm-none-eabi/12.3.1/thumb/v7e-m/nofp/libgcc.a
LOAD /opt/st/stm32cubeide_1.15.1_2/plugins/com.st.stm32cube.ide.mcu.externaltools.gnu-tools-for-stm32.12.3.rel1.linux64_1.0.100.202403111256/tools/bin/../lib/gcc/arm-none-eabi/12.3.1/../../../../arm-none-eabi/lib/thumb/v7e-m/nofp/libc_nano.a
END GROUP
START GROUP
LOAD /opt/st/stm32cubeide_1.15.1_2/plugins/com.st.stm32cube.ide.mcu.externaltools.gnu-tools-for-stm32.12.3.rel1.linux64_1.0.100.202403111256/tools/bin/../lib/gcc/arm-none-eabi/12.3.1/thumb/v7e-m/nofp/libgcc.a
LOAD /opt/st/stm32cubeide_1.15.1_2/plugins/com.st.stm32cube.ide.mcu.externaltools.gnu-tools-for-stm32.12.3.rel1.linux64_1.0.100.202403111256/tools/bin/../lib/gcc/arm-none-eabi/12.3.1/../../../../arm-none-eabi/lib/thumb/v7e-m/nofp/libc_nano.a
LOAD /opt/st/stm32cubeide_1.15.1_2/plugins/com.st.stm32cube.ide.mcu.externaltools.gnu-tools-for-stm32.12.3.rel1.linux64_1.0.100.202403111256/tools/bin/../lib/gcc/arm-none-eabi/12.3.1/../../../../arm-none-eabi/lib/thumb/v7e-m/nofp/libnosys.a
END GROUP
START GROUP
LOAD /opt/st/stm32cubeide_1.15.1_2/plugins/com.st.stm32cube.ide.mcu.externaltools.gnu-tools-for-stm32.12.3.rel1.linux64_1.0.100.202403111256/tools/bin/../lib/gcc/arm-none-eabi/12.3.1/thumb/v7e-m/nofp/libgcc.a
LOAD /opt/st/stm32cubeide_1.15.1_2/plugins/com.st.stm32cube.ide.mcu.externaltools.gnu-tools-for-stm32.12.3.rel1.linux64_1.0.100.202403111256/tools/bin/../lib/gcc/arm-none-eabi/12.3.1/../../../../arm-none-eabi/lib/thumb/v7e-m/nofp/libc_nano.a
LOAD /opt/st/stm32cubeide_1.15.1_2/plugins/com.st.stm32cube.ide.mcu.externaltools.gnu-tools-for-stm32.12.3.rel1.linux64_1.0.100.202403111256/tools/bin/../lib/gcc/arm-none-eabi/12.3.1/../../../../arm-none-eabi/lib/thumb/v7e-m/nofp/libnosys.a
END GROUP
LOAD /opt/st/stm32cubeide_1.15.1_2/plugins/com.st.stm32cube.ide.mcu.externaltools.gnu-tools-for-stm32.12.3.rel1.linux64_1.0.100.202403111256/tools/bin/../lib/gcc/arm-none-eabi/12.3.1/thumb/v7e-m/nofp/crtend.o
LOAD /opt/st/stm32cubeide_1.15.1_2/plugins/com.st.stm32cube.ide.mcu.externaltools.gnu-tools-for-stm32.12.3.rel1.linux64_1.0.100.202403111256/tools/bin/../lib/gcc/arm-none-eabi/12.3.1/thumb/v7e-m/nofp/crtn.o
                0x20020000                        _estack = (ORIGIN (RAM) + LENGTH (RAM))
                0x00000200                        _Min_Heap_Size = 0x200
                0x00000400                        _Min_Stack_Size = 0x400

.isr_vector     0x08000000      0x1a8
                0x08000000                        . = ALIGN (0x4)
 *(.isr_vector)
 .isr_vector    0x08000000      0x1a8 ./Startup/startup_stm32f407vgtx.o
                0x08000000                g_pfnVectors
                0x080001a8                        . = ALIGN (0x4)

.text           0x080001a8      0xc18
                0x080001a8                        . = ALIGN (0x4)
 *(.text)
 .text          0x080001a8       0x40 /opt/st/stm32cubeide_1.15.1_2/plugins/com.st.stm32cube.ide.mcu.externaltools.gnu-tools-for-stm32.12.3.rel1.linux64_1.0.100.202403111256/tools/bin/../lib/gcc/arm-none-eabi/12.3.1/thumb/v7e-m/nofp/crtbegin.o
 *(.text*)
 .text.__io_putchar
                0x080001e8       0x4c ./Src/itm.o
                0x080001e8                __io_putchar
 .text.main     0x08000234       0x24 ./Src/main.o
                0x08000234                main
 .text._read    0x08000258       0x3a ./Src/syscalls.o
                0x08000258                _read
 .text._write   0x08000292       0x38 ./Src/syscalls.o
                0x08000292                _write
 .text._close   0x080002ca       0x16 ./Src/syscalls.o
                0x080002ca                _close
 .text._fstat   0x080002e0       0x1e ./Src/syscalls.o
                0x080002e0                _fstat
 .text._isatty  0x080002fe       0x14 ./Src/syscalls.o
                0x080002fe                _isatty
 .text._lseek   0x08000312       0x18 ./Src/syscalls.o
                0x08000312                _lseek
 *fill*         0x0800032a        0x2 
 .text._sbrk    0x0800032c       0x6c ./Src/sysmem.o
                0x0800032c                _sbrk
 .text.SystemInit
                0x08000398        0xc ./Src/system_stm32f4xx.o
                0x08000398                SystemInit
 .text.DWT_Init
                0x080003a4       0x60 ./Src/system_stm32f4xx.o
                0x080003a4                DWT_Init
 .text.Reset_Handler
                0x08000404       0x50 ./Startup/startup_stm32f407vgtx.o
                0x08000404                Reset_Handler
 .text.Default_Handler
                0x08000454        0x2 ./Startup/startup_stm32f407vgtx.o
                0x08000454                RTC_Alarm_IRQHandler
                0x08000454                HASH_RNG_IRQHandler
                0x08000454                EXTI2_IRQHandler
                0x08000454                TIM8_CC_IRQHandler
                0x08000454                DebugMon_Handler
                0x08000454                TIM1_CC_IRQHandler
                0x08000454                DMA2_Stream5_IRQHandler
                0x08000454                HardFault_Handler
                0x08000454                DMA1_Stream5_IRQHandler
                0x08000454                SysTick_Handler
                0x08000454                PVD_IRQHandler
                0x08000454                SDIO_IRQHandler
                0x08000454                TAMP_STAMP_IRQHandler
                0x08000454                PendSV_Handler
                0x08000454                NMI_Handler
                0x08000454                CAN2_RX1_IRQHandler
                0x08000454                EXTI3_IRQHandler
                0x08000454                TIM8_TRG_COM_TIM14_IRQHandler
                0x08000454                TIM1_UP_TIM10_IRQHandler
                0x08000454                TIM8_UP_TIM13_IRQHandler
                0x08000454                I2C3_ER_IRQHandler
                0x08000454                LCD_TFT_IRQHandler
                0x08000454                EXTI0_IRQHandler
                0x08000454                I2C2_EV_IRQHandler
                0x08000454                DMA1_Stream2_IRQHandler
                0x08000454                CAN1_RX0_IRQHandler
                0x08000454                FPU_IRQHandler
                0x08000454                OTG_HS_WKUP_IRQHandler
                0x08000454                UsageFault_Handler
                0x08000454                CAN2_SCE_IRQHandler
                0x08000454                DMA2_Stream2_IRQHandler
                0x08000454                SPI1_IRQHandler
                0x08000454                TIM6_DAC_IRQHandler
                0x08000454                TIM1_BRK_TIM9_IRQHandler
                0x08000454                DCMI_IRQHandler
                0x08000454                CAN2_RX0_IRQHandler
                0x08000454                DMA2_Stream3_IRQHandler
                0x08000454                USART6_IRQHandler
                0x08000454                USART3_IRQHandler
                0x08000454                CRYP_IRQHandler
                0x08000454                CAN1_RX1_IRQHandler
                0x08000454                UART5_IRQHandler
                0x08000454                DMA2_Stream0_IRQHandler
                0x08000454                TIM4_IRQHandler
                0x08000454                I2C1_EV_IRQHandler
                0x08000454                DMA1_Stream6_IRQHandler
                0x08000454                DMA1_Stream1_IRQHandler
                0x08000454                UART4_IRQHandler
                0x08000454                LCD_TFT_1_IRQHandler
                0x08000454                TIM3_IRQHandler
                0x08000454                RCC_IRQHandler
                0x08000454                TIM8_BRK_TIM12_IRQHandler
                0x08000454                Default_Handler
                0x08000454                EXTI15_10_IRQHandler
                0x08000454                ADC_IRQHandler
                0x08000454                DMA1_Stream7_IRQHandler
                0x08000454                TIM7_IRQHandler
                0x08000454                CAN2_TX_IRQHandler
                0x08000454                TIM5_IRQHandler
                0x08000454                DMA2_Stream7_IRQHandler
                0x08000454                I2C3_EV_IRQHandler
                0x08000454                EXTI9_5_IRQHandler
                0x08000454                RTC_WKUP_IRQHandler
                0x08000454                ETH_WKUP_IRQHandler
                0x08000454                SPI2_IRQHandler
                0x08000454                OTG_HS_EP1_IN_IRQHandler
                0x08000454                MemManage_Handler
                0x08000454                DMA1_Stream0_IRQHandler
                0x08000454                CAN1_TX_IRQHandler
                0x08000454                SVC_Handler
                0x08000454                EXTI4_IRQHandler
                0x08000454                FSMC_IRQHandler
                0x08000454                ETH_IRQHandler
                0x08000454                OTG_HS_EP1_OUT_IRQHandler
                0x08000454                WWDG_IRQHandler
                0x08000454                TIM2_IRQHandler
                0x08000454                OTG_FS_WKUP_IRQHandler
                0x08000454                TIM1_TRG_COM_TIM11_IRQHandler
                0x08000454                OTG_HS_IRQHandler
                0x08000454                EXTI1_IRQHandler
                0x08000454                USART2_IRQHandler
                0x08000454                I2C2_ER_IRQHandler
                0x08000454                DMA2_Stream1_IRQHandler
                0x08000454                CAN1_SCE_IRQHandler
                0x08000454                DMA2_Stream4_IRQHandler
                0x08000454                BusFault_Handler
                0x08000454                USART1_IRQHandler
                0x08000454                OTG_FS_IRQHandler
                0x08000454                SPI3_IRQHandler
                0x08000454                DMA1_Stream4_IRQHandler
                0x08000454                I2C1_ER_IRQHandler
                0x08000454                DMA2_Stream6_IRQHandler
                0x08000454                DMA1_Stream3_IRQHandler
 *fill*         0x08000456        0x2 
 .text.std      0x08000458       0x6c /opt/st/stm32cubeide_1.15.1_2/plugins/com.st.stm32cube.ide.mcu.externaltools.gnu-tools-for-stm32.12.3.rel1.linux64_1.0.100.202403111256/tools/bin/../lib/gcc/arm-none-eabi/12.3.1/../../../../arm-none-eabi/lib/thumb/v7e-m/nofp/libc_nano.a(libc_a-findfp.o)
 .text.stdio_exit_handler
                0x080004c4       0x18 /opt/st/stm32cubeide_1.15.1_2/plugins/com.st.stm32cube.ide.mcu.externaltools.gnu-tools-for-stm32.12.3.rel1.linux64_1.0.100.202403111256/tools/bin/../lib/gcc/arm-none-eabi/12.3.1/../../../../arm-none-eabi/lib/thumb/v7e-m/nofp/libc_nano.a(libc_a-findfp.o)
 .text.cleanup_stdio
                0x080004dc       0x40 /opt/st/stm32cubeide_1.15.1_2/plugins/com.st.stm32cube.ide.mcu.externaltools.gnu-tools-for-stm32.12.3.rel1.linux64_1.0.100.202403111256/tools/bin/../lib/gcc/arm-none-eabi/12.3.1/../../../../arm-none-eabi/lib/thumb/v7e-m/nofp/libc_nano.a(libc_a-findfp.o)
 .text.global_stdio_init.part.0
                0x0800051c       0x3c /opt/st/stm32cubeide_1.15.1_2/plugins/com.st.stm32cube.ide.mcu.externaltools.gnu-tools-for-stm32.12.3.rel1.linux64_1.0.100.202403111256/tools/bin/../lib/gcc/arm-none-eabi/12.3.1/../../../../arm-none-eabi/lib/thumb/v7e-m/nofp/libc_nano.a(libc_a-findfp.o)
 .text.__sfp_lock_acquire
                0x08000558        0xc /opt/st/stm32cubeide_1.15.1_2/plugins/com.st.stm32cube.ide.mcu.externaltools.gnu-tools-for-stm32.12.3.rel1.linux64_1.0.100.202403111256/tools/bin/../lib/gcc/arm-none-eabi/12.3.1/../../../../arm-none-eabi/lib/thumb/v7e-m/nofp/libc_nano.a(libc_a-findfp.o)
                0x08000558                __sfp_lock_acquire
 .text.__sfp_lock_release
                0x08000564        0xc /opt/st/stm32cubeide_1.15.1_2/plugins/com.st.stm32cube.ide.mcu.externaltools.gnu-tools-for-stm32.12.3.rel1.linux64_1.0.100.202403111256/tools/bin/../lib/gcc/arm-none-eabi/12.3.1/../../../../arm-none-eabi/lib/thumb/v7e-m/nofp/libc_nano.a(libc_a-findfp.o)
                0x08000564                __sfp_lock_release
 .text.__sinit  0x08000570       0x30 /opt/st/stm32cubeide_1.15.1_2/plugins/com.st.stm32cube.ide.mcu.externaltools.gnu-tools-for-stm32.12.3.rel1.linux64_1.0.100.202403111256/tools/bin/../lib/gcc/arm-none-eabi/12.3.1/../../../../arm-none-eabi/lib/thumb/v7e-m/nofp/libc_nano.a(libc_a-findfp.o)
                0x08000570                __sinit
 .text._fwalk_sglue
                0x080005a0       0x3c /opt/st/stm32cubeide_1.15.1_2/plugins/com.st.stm32cube.ide.mcu.externaltools.gnu-tools-for-stm32.12.3.rel1.linux64_1.0.100.202403111256/tools/bin/../lib/gcc/arm-none-eabi/12.3.1/../../../../arm-none-eabi/lib/thumb/v7e-m/nofp/libc_nano.a(libc_a-fwalk.o)
                0x080005a0                _fwalk_sglue
 .text._puts_r  0x080005dc       0xaa /opt/st/stm32cubeide_1.15.1_2/plugins/com.st.stm32cube.ide.mcu.externaltools.gnu-tools-for-stm32.12.3.rel1.linux64_1.0.100.202403111256/tools/bin/../lib/gcc/arm-none-eabi/12.3.1/../../../../arm-none-eabi/lib/thumb/v7e-m/nofp/libc_nano.a(libc_a-puts.o)
                0x080005dc                _puts_r
 *fill*         0x08000686        0x2 
 .text.puts     0x08000688       0x10 /opt/st/stm32cubeide_1.15.1_2/plugins/com.st.stm32cube.ide.mcu.externaltools.gnu-tools-for-stm32.12.3.rel1.linux64_1.0.100.202403111256/tools/bin/../lib/gcc/arm-none-eabi/12.3.1/../../../../arm-none-eabi/lib/thumb/v7e-m/nofp/libc_nano.a(libc_a-puts.o)
                0x08000688                puts
 .text.__sread  0x08000698       0x22 /opt/st/stm32cubeide_1.15.1_2/plugins/com.st.stm32cube.ide.mcu.externaltools.gnu-tools-for-stm32.12.3.rel1.linux64_1.0.100.202403111256/tools/bin/../lib/gcc/arm-none-eabi/12.3.1/../../../../arm-none-eabi/lib/thumb/v7e-m/nofp/libc_nano.a(libc_a-stdio.o)
                0x08000698                __sread
 .text.__swrite
                0x080006ba       0x38 /opt/st/stm32cubeide_1.15.1_2/plugins/com.st.stm32cube.ide.mcu.externaltools.gnu-tools-for-stm32.12.3.rel1.linux64_1.0.100.202403111256/tools/bin/../lib/gcc/arm-none-eabi/12.3.1/../../../../arm-none-eabi/lib/thumb/v7e-m/nofp/libc_nano.a(libc_a-stdio.o)
                0x080006ba                __swrite
 .text.__sseek  0x080006f2       0x24 /opt/st/stm32cubeide_1.15.1_2/plugins/com.st.stm32cube.ide.mcu.externaltools.gnu-tools-for-stm32.12.3.rel1.linux64_1.0.100.202403111256/tools/bin/../lib/gcc/arm-none-eabi/12.3.1/../../../../arm-none-eabi/lib/thumb/v7e-m/nofp/libc_nano.a(libc_a-stdio.o)
                0x080006f2                __sseek
 .text.__sclose
                0x08000716        0x8 /opt/st/stm32cubeide_1.15.1_2/plugins/com.st.stm32cube.ide.mcu.externaltools.gnu-tools-for-stm32.12.3.rel1.linux64_1.0.100.202403111256/tools/bin/../lib/gcc/arm-none-eabi/12.3.1/../../../../arm-none-eabi/lib/thumb/v7e-m/nofp/libc_nano.a(libc_a-stdio.o)
                0x08000716                __sclose
 .text.__swbuf_r
                0x0800071e       0x7c /opt/st/stm32cubeide_1.15.1_2/plugins/com.st.stm32cube.ide.mcu.externaltools.gnu-tools-for-stm32.12.3.rel1.linux64_1.0.100.202403111256/tools/bin/../lib/gcc/arm-none-eabi/12.3.1/../../../../arm-none-eabi/lib/thumb/v7e-m/nofp/libc_nano.a(libc_a-wbuf.o)
                0x0800071e                __swbuf_r
 *fill*         0x0800079a        0x2 
 .text.__swsetup_r
                0x0800079c       0xac /opt/st/stm32cubeide_1.15.1_2/plugins/com.st.stm32cube.ide.mcu.externaltools.gnu-tools-for-stm32.12.3.rel1.linux64_1.0.100.202403111256/tools/bin/../lib/gcc/arm-none-eabi/12.3.1/../../../../arm-none-eabi/lib/thumb/v7e-m/nofp/libc_nano.a(libc_a-wsetup.o)
                0x0800079c                __swsetup_r
 .text.memset   0x08000848       0x10 /opt/st/stm32cubeide_1.15.1_2/plugins/com.st.stm32cube.ide.mcu.externaltools.gnu-tools-for-stm32.12.3.rel1.linux64_1.0.100.202403111256/tools/bin/../lib/gcc/arm-none-eabi/12.3.1/../../../../arm-none-eabi/lib/thumb/v7e-m/nofp/libc_nano.a(libc_a-memset.o)
                0x08000848                memset
 .text._close_r
                0x08000858       0x20 /opt/st/stm32cubeide_1.15.1_2/plugins/com.st.stm32cube.ide.mcu.externaltools.gnu-tools-for-stm32.12.3.rel1.linux64_1.0.100.202403111256/tools/bin/../lib/gcc/arm-none-eabi/12.3.1/../../../../arm-none-eabi/lib/thumb/v7e-m/nofp/libc_nano.a(libc_a-closer.o)
                0x08000858                _close_r
 .text._lseek_r
                0x08000878       0x24 /opt/st/stm32cubeide_1.15.1_2/plugins/com.st.stm32cube.ide.mcu.externaltools.gnu-tools-for-stm32.12.3.rel1.linux64_1.0.100.202403111256/tools/bin/../lib/gcc/arm-none-eabi/12.3.1/../../../../arm-none-eabi/lib/thumb/v7e-m/nofp/libc_nano.a(libc_a-lseekr.o)
                0x08000878                _lseek_r
 .text._read_r  0x0800089c       0x24 /opt/st/stm32cubeide_1.15.1_2/plugins/com.st.stm32cube.ide.mcu.externaltools.gnu-tools-for-stm32.12.3.rel1.linux64_1.0.100.202403111256/tools/bin/../lib/gcc/arm-none-eabi/12.3.1/../../../../arm-none-eabi/lib/thumb/v7e-m/nofp/libc_nano.a(libc_a-readr.o)
                0x0800089c                _read_r
 .text._write_r
                0x080008c0       0x24 /opt/st/stm32cubeide_1.15.1_2/plugins/com.st.stm32cube.ide.mcu.externaltools.gnu-tools-for-stm32.12.3.rel1.linux64_1.0.100.202403111256/tools/bin/../lib/gcc/arm-none-eabi/12.3.1/../../../../arm-none-eabi/lib/thumb/v7e-m/nofp/libc_nano.a(libc_a-writer.o)
                0x080008c0                _write_r
 .text.__errno  0x080008e4        0xc /opt/st/stm32cubeide_1.15.1_2/plugins/com.st.stm32cube.ide.mcu.externaltools.gnu-tools-for-stm32.12.3.rel1.linux64_1.0.100.202403111256/tools/bin/../lib/gcc/arm-none-eabi/12.3.1/../../../../arm-none-eabi/lib/thumb/v7e-m/nofp/libc_nano.a(libc_a-errno.o)
                0x080008e4                __errno
 .text.__libc_init_array
                0x080008f0       0x48 /opt/st/stm32cubeide_1.15.1_2/plugins/com.st.stm32cube.ide.mcu.externaltools.gnu-tools-for-stm32.12.3.rel1.linux64_1.0.100.202403111256/tools/bin/../lib/gcc/arm-none-eabi/12.3.1/../../../../arm-none-eabi/lib/thumb/v7e-m/nofp/libc_nano.a(libc_a-init.o)
                0x080008f0                __libc_init_array
 .text.__retarget_lock_init_recursive
                0x08000938        0x2 /opt/st/stm32cubeide_1.15.1_2/plugins/com.st.stm32cube.ide.mcu.externaltools.gnu-tools-for-stm32.12.3.rel1.linux64_1.0.100.202403111256/tools/bin/../lib/gcc/arm-none-eabi/12.3.1/../../../../arm-none-eabi/lib/thumb/v7e-m/nofp/libc_nano.a(libc_a-lock.o)
                0x08000938                __retarget_lock_init_recursive
 .text.__retarget_lock_acquire_recursive
                0x0800093a        0x2 /opt/st/stm32cubeide_1.15.1_2/plugins/com.st.stm32cube.ide.mcu.externaltools.gnu-tools-for-stm32.12.3.rel1.linux64_1.0.100.202403111256/tools/bin/../lib/gcc/arm-none-eabi/12.3.1/../../../../arm-none-eabi/lib/thumb/v7e-m/nofp/libc_nano.a(libc_a-lock.o)
                0x0800093a                __retarget_lock_acquire_recursive
 .text.__retarget_lock_release_recursive
                0x0800093c        0x2 /opt/st/stm32cubeide_1.15.1_2/plugins/com.st.stm32cube.ide.mcu.externaltools.gnu-tools-for-stm32.12.3.rel1.linux64_1.0.100.202403111256/tools/bin/../lib/gcc/arm-none-eabi/12.3.1/../../../../arm-none-eabi/lib/thumb/v7e-m/nofp/libc_nano.a(libc_a-lock.o)
                0x0800093c                __retarget_lock_release_recursive
 *fill*         0x0800093e        0x2 
 .text._free_r  0x08000940       0x94 /opt/st/stm32cubeide_1.15.1_2/plugins/com.st.stm32cube.ide.mcu.externaltools.gnu-tools-for-stm32.12.3.rel1.linux64_1.0.100.202403111256/tools/bin/../lib/gcc/arm-none-eabi/12.3.1/../../../../arm-none-eabi/lib/thumb/v7e-m/nofp/libc_nano.a(libc_a-freer.o)
                0x08000940                _free_r
 .text.sbrk_aligned
                0x080009d4       0x44 /opt/st/stm32cubeide_1.15.1_2/plugins/com.st.stm32cube.ide.mcu.externaltools.gnu-tools-for-stm32.12.3.rel1.linux64_1.0.100.202403111256/tools/bin/../lib/gcc/arm-none-eabi/12.3.1/../../../../arm-none-eabi/lib/thumb/v7e-m/nofp/libc_nano.a(libc_a-mallocr.o)
 .text._malloc_r
                0x08000a18      0x100 /opt/st/stm32cubeide_1.15.1_2/plugins/com.st.stm32cube.ide.mcu.externaltools.gnu-tools-for-stm32.12.3.rel1.linux64_1.0.100.202403111256/tools/bin/../lib/gcc/arm-none-eabi/12.3.1/../../../../arm-none-eabi/lib/thumb/v7e-m/nofp/libc_nano.a(libc_a-mallocr.o)
                0x08000a18                _malloc_r
 .text.__malloc_lock
                0x08000b18        0xc /opt/st/stm32cubeide_1.15.1_2/plugins/com.st.stm32cube.ide.mcu.externaltools.gnu-tools-for-stm32.12.3.rel1.linux64_1.0.100.202403111256/tools/bin/../lib/gcc/arm-none-eabi/12.3.1/../../../../arm-none-eabi/lib/thumb/v7e-m/nofp/libc_nano.a(libc_a-mlock.o)
                0x08000b18                __malloc_lock
 .text.__malloc_unlock
                0x08000b24        0xc /opt/st/stm32cubeide_1.15.1_2/plugins/com.st.stm32cube.ide.mcu.externaltools.gnu-tools-for-stm32.12.3.rel1.linux64_1.0.100.202403111256/tools/bin/../lib/gcc/arm-none-eabi/12.3.1/../../../../arm-none-eabi/lib/thumb/v7e-m/nofp/libc_nano.a(libc_a-mlock.o)
                0x08000b24                __malloc_unlock
 .text.__sflush_r
                0x08000b30      0x100 /opt/st/stm32cubeide_1.15.1_2/plugins/com.st.stm32cube.ide.mcu.externaltools.gnu-tools-for-stm32.12.3.rel1.linux64_1.0.100.202403111256/tools/bin/../lib/gcc/arm-none-eabi/12.3.1/../../../../arm-none-eabi/lib/thumb/v7e-m/nofp/libc_nano.a(libc_a-fflush.o)
                0x08000b30                __sflush_r
 .text._fflush_r
                0x08000c30       0x50 /opt/st/stm32cubeide_1.15.1_2/plugins/com.st.stm32cube.ide.mcu.externaltools.gnu-tools-for-stm32.12.3.rel1.linux64_1.0.100.202403111256/tools/bin/../lib/gcc/arm-none-eabi/12.3.1/../../../../arm-none-eabi/lib/thumb/v7e-m/nofp/libc_nano.a(libc_a-fflush.o)
                0x08000c30                _fflush_r
 .text.__swhatbuf_r
                0x08000c80       0x4c /opt/st/stm32cubeide_1.15.1_2/plugins/com.st.stm32cube.ide.mcu.externaltools.gnu-tools-for-stm32.12.3.rel1.linux64_1.0.100.202403111256/tools/bin/../lib/gcc/arm-none-eabi/12.3.1/../../../../arm-none-eabi/lib/thumb/v7e-m/nofp/libc_nano.a(libc_a-makebuf.o)
                0x08000c80                __swhatbuf_r
 .text.__smakebuf_r
                0x08000ccc       0x78 /opt/st/stm32cubeide_1.15.1_2/plugins/com.st.stm32cube.ide.mcu.externaltools.gnu-tools-for-stm32.12.3.rel1.linux64_1.0.100.202403111256/tools/bin/../lib/gcc/arm-none-eabi/12.3.1/../../../../arm-none-eabi/lib/thumb/v7e-m/nofp/libc_nano.a(libc_a-makebuf.o)
                0x08000ccc                __smakebuf_r
 .text._fstat_r
                0x08000d44       0x24 /opt/st/stm32cubeide_1.15.1_2/plugins/com.st.stm32cube.ide.mcu.externaltools.gnu-tools-for-stm32.12.3.rel1.linux64_1.0.100.202403111256/tools/bin/../lib/gcc/arm-none-eabi/12.3.1/../../../../arm-none-eabi/lib/thumb/v7e-m/nofp/libc_nano.a(libc_a-fstatr.o)
                0x08000d44                _fstat_r
 .text._isatty_r
                0x08000d68       0x20 /opt/st/stm32cubeide_1.15.1_2/plugins/com.st.stm32cube.ide.mcu.externaltools.gnu-tools-for-stm32.12.3.rel1.linux64_1.0.100.202403111256/tools/bin/../lib/gcc/arm-none-eabi/12.3.1/../../../../arm-none-eabi/lib/thumb/v7e-m/nofp/libc_nano.a(libc_a-isattyr.o)
                0x08000d68                _isatty_r
 .text._sbrk_r  0x08000d88       0x20 /opt/st/stm32cubeide_1.15.1_2/plugins/com.st.stm32cube.ide.mcu.externaltools.gnu-tools-for-stm32.12.3.rel1.linux64_1.0.100.202403111256/tools/bin/../lib/gcc/arm-none-eabi/12.3.1/../../../../arm-none-eabi/lib/thumb/v7e-m/nofp/libc_nano.a(libc_a-sbrkr.o)
                0x08000d88                _sbrk_r
 *(.glue_7)
 .glue_7        0x08000da8        0x0 linker stubs
 *(.glue_7t)
 .glue_7t       0x08000da8        0x0 linker stubs
 *(.eh_frame)
 .eh_frame      0x08000da8        0x0 /opt/st/stm32cubeide_1.15.1_2/plugins/com.st.stm32cube.ide.mcu.externaltools.gnu-tools-for-stm32.12.3.rel1.linux64_1.0.100.202403111256/tools/bin/../lib/gcc/arm-none-eabi/12.3.1/thumb/v7e-m/nofp/crtbegin.o
 *(.init)
 .init          0x08000da8        0x4 /opt/st/stm32cubeide_1.15.1_2/plugins/com.st.stm32cube.ide.mcu.externaltools.gnu-tools-for-stm32.12.3.rel1.linux64_1.0.100.202403111256/tools/bin/../lib/gcc/arm-none-eabi/12.3.1/thumb/v7e-m/nofp/crti.o
                0x08000da8                _init
 .init          0x08000dac        0x8 /opt/st/stm32cubeide_1.15.1_2/plugins/com.st.stm32cube.ide.mcu.externaltools.gnu-tools-for-stm32.12.3.rel1.linux64_1.0.100.202403111256/tools/bin/../lib/gcc/arm-none-eabi/12.3.1/thumb/v7e-m/nofp/crtn.o
 *(.fini)
 .fini          0x08000db4        0x4 /opt/st/stm32cubeide_1.15.1_2/plugins/com.st.stm32cube.ide.mcu.externaltools.gnu-tools-for-stm32.12.3.rel1.linux64_1.0.100.202403111256/tools/bin/../lib/gcc/arm-none-eabi/12.3.1/thumb/v7e-m/nofp/crti.o
                0x08000db4                _fini
 .fini          0x08000db8        0x8 /opt/st/stm32cubeide_1.15.1_2/plugins/com.st.stm32cube.ide.mcu.externaltools.gnu-tools-for-stm32.12.3.rel1.linux64_1.0.100.202403111256/tools/bin/../lib/gcc/arm-none-eabi/12.3.1/thumb/v7e-m/nofp/crtn.o
                0x08000dc0                        . = ALIGN (0x4)
                0x08000dc0                        _etext = .

.vfp11_veneer   0x08000dc0        0x0
 .vfp11_veneer  0x08000dc0        0x0 linker stubs

.v4_bx          0x08000dc0        0x0
 .v4_bx         0x08000dc0        0x0 linker stubs

.iplt           0x08000dc0        0x0
 .iplt          0x08000dc0        0x0 /opt/st/stm32cubeide_1.15.1_2/plugins/com.st.stm32cube.ide.mcu.externaltools.gnu-tools-for-stm32.12.3.rel1.linux64_1.0.100.202403111256/tools/bin/../lib/gcc/arm-none-eabi/12.3.1/thumb/v7e-m/nofp/crtbegin.o

.rodata         0x08000dc0       0x2c
                0x08000dc0                        . = ALIGN (0x4)
 *(.rodata)
 .rodata        0x08000dc0       0x29 ./Src/main.o
 *(.rodata*)
                0x08000dec                        . = ALIGN (0x4)
 *fill*         0x08000de9        0x3 

.rel.dyn        0x08000dec        0x0
 .rel.iplt      0x08000dec        0x0 /opt/st/stm32cubeide_1.15.1_2/plugins/com.st.stm32cube.ide.mcu.externaltools.gnu-tools-for-stm32.12.3.rel1.linux64_1.0.100.202403111256/tools/bin/../lib/gcc/arm-none-eabi/12.3.1/thumb/v7e-m/nofp/crtbegin.o

.ARM.extab      0x08000dec        0x0
                0x08000dec                        . = ALIGN (0x4)
 *(.ARM.extab* .gnu.linkonce.armextab.*)
                0x08000dec                        . = ALIGN (0x4)

.ARM            0x08000dec        0x0
                0x08000dec                        . = ALIGN (0x4)
                0x08000dec                        __exidx_start = .
 *(.ARM.exidx*)
                0x08000dec                        __exidx_end = .
                0x08000dec                        . = ALIGN (0x4)

.preinit_array  0x08000dec        0x0
                0x08000dec                        . = ALIGN (0x4)
                0x08000dec                        PROVIDE (__preinit_array_start = .)
 *(.preinit_array*)
                0x08000dec                        PROVIDE (__preinit_array_end = .)
                0x08000dec                        . = ALIGN (0x4)

.init_array     0x08000dec        0x4
                0x08000dec                        . = ALIGN (0x4)
                0x08000dec                        PROVIDE (__init_array_start = .)
 *(SORT_BY_NAME(.init_array.*))
 *(.init_array*)
 .init_array    0x08000dec        0x4 /opt/st/stm32cubeide_1.15.1_2/plugins/com.st.stm32cube.ide.mcu.externaltools.gnu-tools-for-stm32.12.3.rel1.linux64_1.0.100.202403111256/tools/bin/../lib/gcc/arm-none-eabi/12.3.1/thumb/v7e-m/nofp/crtbegin.o
                0x08000df0                        PROVIDE (__init_array_end = .)
                0x08000df0                        . = ALIGN (0x4)

.fini_array     0x08000df0        0x4
                0x08000df0                        . = ALIGN (0x4)
                [!provide]                        PROVIDE (__fini_array_start = .)
 *(SORT_BY_NAME(.fini_array.*))
 *(.fini_array*)
 .fini_array    0x08000df0        0x4 /opt/st/stm32cubeide_1.15.1_2/plugins/com.st.stm32cube.ide.mcu.externaltools.gnu-tools-for-stm32.12.3.rel1.linux64_1.0.100.202403111256/tools/bin/../lib/gcc/arm-none-eabi/12.3.1/thumb/v7e-m/nofp/crtbegin.o
                [!provide]                        PROVIDE (__fini_array_end = .)
                0x08000df4                        . = ALIGN (0x4)
                0x08000df4                        _sidata = LOADADDR (.data)

.data           0x20000000       0x5c load address 0x08000df4
                0x20000000                        . = ALIGN (0x4)
                0x20000000                        _sdata = .
 *(.data)
 *(.data*)
 .data.__sglue  0x20000000        0xc /opt/st/stm32cubeide_1.15.1_2/plugins/com.st.stm32cube.ide.mcu.externaltools.gnu-tools-for-stm32.12.3.rel1.linux64_1.0.100.202403111256/tools/bin/../lib/gcc/arm-none-eabi/12.3.1/../../../../arm-none-eabi/lib/thumb/v7e-m/nofp/libc_nano.a(libc_a-findfp.o)
                0x20000000                __sglue
 .data._impure_ptr
                0x2000000c        0x4 /opt/st/stm32cubeide_1.15.1_2/plugins/com.st.stm32cube.ide.mcu.externaltools.gnu-tools-for-stm32.12.3.rel1.linux64_1.0.100.202403111256/tools/bin/../lib/gcc/arm-none-eabi/12.3.1/../../../../arm-none-eabi/lib/thumb/v7e-m/nofp/libc_nano.a(libc_a-impure.o)
                0x2000000c                _impure_ptr
 .data._impure_data
                0x20000010       0x4c /opt/st/stm32cubeide_1.15.1_2/plugins/com.st.stm32cube.ide.mcu.externaltools.gnu-tools-for-stm32.12.3.rel1.linux64_1.0.100.202403111256/tools/bin/../lib/gcc/arm-none-eabi/12.3.1/../../../../arm-none-eabi/lib/thumb/v7e-m/nofp/libc_nano.a(libc_a-impure.o)
                0x20000010                _impure_data
 *(.RamFunc)
 *(.RamFunc*)
                0x2000005c                        . = ALIGN (0x4)
                0x2000005c                        _edata = .
                0x08000e50                        _siccmram = LOADADDR (.ccmram)

.igot.plt       0x2000005c        0x0 load address 0x08000e50
 .igot.plt      0x2000005c        0x0 /opt/st/stm32cubeide_1.15.1_2/plugins/com.st.stm32cube.ide.mcu.externaltools.gnu-tools-for-stm32.12.3.rel1.linux64_1.0.100.202403111256/tools/bin/../lib/gcc/arm-none-eabi/12.3.1/thumb/v7e-m/nofp/crtbegin.o

.ccmram         0x10000000        0x0 load address 0x08000e50
                0x10000000                        . = ALIGN (0x4)
                0x10000000                        _sccmram = .
 *(.ccmram)
 *(.ccmram*)
                0x10000000                        . = ALIGN (0x4)
                0x10000000                        _eccmram = .
                0x10000000                        . = ALIGN (0x4)

.bss            0x2000005c      0x16c
                0x2000005c                        _sbss = .
                0x2000005c                        __bss_start__ = _sbss
 *(.bss)
 .bss           0x2000005c       0x1c /opt/st/stm32cubeide_1.15.1_2/plugins/com.st.stm32cube.ide.mcu.externaltools.gnu-tools-for-stm32.12.3.rel1.linux64_1.0.100.202403111256/tools/bin/../lib/gcc/arm-none-eabi/12.3.1/thumb/v7e-m/nofp/crtbegin.o
 *(.bss*)
 .bss.__sbrk_heap_end
                0x20000078        0x4 ./Src/sysmem.o
 .bss.__sf      0x2000007c      0x138 /opt/st/stm32cubeide_1.15.1_2/plugins/com.st.stm32cube.ide.mcu.externaltools.gnu-tools-for-stm32.12.3.rel1.linux64_1.0.100.202403111256/tools/bin/../lib/gcc/arm-none-eabi/12.3.1/../../../../arm-none-eabi/lib/thumb/v7e-m/nofp/libc_nano.a(libc_a-findfp.o)
                0x2000007c                __sf
 .bss.__stdio_exit_handler
                0x200001b4        0x4 /opt/st/stm32cubeide_1.15.1_2/plugins/com.st.stm32cube.ide.mcu.externaltools.gnu-tools-for-stm32.12.3.rel1.linux64_1.0.100.202403111256/tools/bin/../lib/gcc/arm-none-eabi/12.3.1/../../../../arm-none-eabi/lib/thumb/v7e-m/nofp/libc_nano.a(libc_a-findfp.o)
                0x200001b4                __stdio_exit_handler
 .bss.errno     0x200001b8        0x4 /opt/st/stm32cubeide_1.15.1_2/plugins/com.st.stm32cube.ide.mcu.externaltools.gnu-tools-for-stm32.12.3.rel1.linux64_1.0.100.202403111256/tools/bin/../lib/gcc/arm-none-eabi/12.3.1/../../../../arm-none-eabi/lib/thumb/v7e-m/nofp/libc_nano.a(libc_a-reent.o)
                0x200001b8                errno
 .bss.__lock___malloc_recursive_mutex
                0x200001bc        0x1 /opt/st/stm32cubeide_1.15.1_2/plugins/com.st.stm32cube.ide.mcu.externaltools.gnu-tools-for-stm32.12.3.rel1.linux64_1.0.100.202403111256/tools/bin/../lib/gcc/arm-none-eabi/12.3.1/../../../../arm-none-eabi/lib/thumb/v7e-m/nofp/libc_nano.a(libc_a-lock.o)
                0x200001bc                __lock___malloc_recursive_mutex
 .bss.__lock___sfp_recursive_mutex
                0x200001bd        0x1 /opt/st/stm32cubeide_1.15.1_2/plugins/com.st.stm32cube.ide.mcu.externaltools.gnu-tools-for-stm32.12.3.rel1.linux64_1.0.100.202403111256/tools/bin/../lib/gcc/arm-none-eabi/12.3.1/../../../../arm-none-eabi/lib/thumb/v7e-m/nofp/libc_nano.a(libc_a-lock.o)
                0x200001bd                __lock___sfp_recursive_mutex
 *fill*         0x200001be        0x2 
 .bss.__malloc_sbrk_start
                0x200001c0        0x4 /opt/st/stm32cubeide_1.15.1_2/plugins/com.st.stm32cube.ide.mcu.externaltools.gnu-tools-for-stm32.12.3.rel1.linux64_1.0.100.202403111256/tools/bin/../lib/gcc/arm-none-eabi/12.3.1/../../../../arm-none-eabi/lib/thumb/v7e-m/nofp/libc_nano.a(libc_a-mallocr.o)
                0x200001c0                __malloc_sbrk_start
 .bss.__malloc_free_list
                0x200001c4        0x4 /opt/st/stm32cubeide_1.15.1_2/plugins/com.st.stm32cube.ide.mcu.externaltools.gnu-tools-for-stm32.12.3.rel1.linux64_1.0.100.202403111256/tools/bin/../lib/gcc/arm-none-eabi/12.3.1/../../../../arm-none-eabi/lib/thumb/v7e-m/nofp/libc_nano.a(libc_a-mallocr.o)
                0x200001c4                __malloc_free_list
 *(COMMON)
                0x200001c8                        . = ALIGN (0x4)
                0x200001c8                        _ebss = .
                0x200001c8                        __bss_end__ = _ebss

._user_heap_stack
                0x200001c8      0x600
                0x200001c8                        . = ALIGN (0x8)
                [!provide]                        PROVIDE (end = .)
                0x200001c8                        PROVIDE (_end = .)
                0x200003c8                        . = (. + _Min_Heap_Size)
 *fill*         0x200001c8      0x200 
                0x200007c8                        . = (. + _Min_Stack_Size)
 *fill*         0x200003c8      0x400 
                0x200007c8                        . = ALIGN (0x8)

/DISCARD/
 libc.a(*)
 libm.a(*)
 libgcc.a(*)

.ARM.attributes
                0x00000000       0x2a
 *(.ARM.attributes)
 .ARM.attributes
                0x00000000       0x1e /opt/st/stm32cubeide_1.15.1_2/plugins/com.st.stm32cube.ide.mcu.externaltools.gnu-tools-for-stm32.12.3.rel1.linux64_1.0.100.202403111256/tools/bin/../lib/gcc/arm-none-eabi/12.3.1/thumb/v7e-m/nofp/crti.o
 .ARM.attributes
                0x0000001e       0x2e /opt/st/stm32cubeide_1.15.1_2/plugins/com.st.stm32cube.ide.mcu.externaltools.gnu-tools-for-stm32.12.3.rel1.linux64_1.0.100.202403111256/tools/bin/../lib/gcc/arm-none-eabi/12.3.1/thumb/v7e-m/nofp/crtbegin.o
 .ARM.attributes
                0x0000004c       0x2e ./Src/itm.o
 .ARM.attributes
                0x0000007a       0x2e ./Src/main.o
 .ARM.attributes
                0x000000a8       0x2e ./Src/syscalls.o
 .ARM.attributes
                0x000000d6       0x2e ./Src/sysmem.o
 .ARM.attributes
                0x00000104       0x2e ./Src/system_stm32f4xx.o
 .ARM.attributes
                0x00000132       0x21 ./Startup/startup_stm32f407vgtx.o
 .ARM.attributes
                0x00000153       0x2e /opt/st/stm32cubeide_1.15.1_2/plugins/com.st.stm32cube.ide.mcu.externaltools.gnu-tools-for-stm32.12.3.rel1.linux64_1.0.100.202403111256/tools/bin/../lib/gcc/arm-none-eabi/12.3.1/../../../../arm-none-eabi/lib/thumb/v7e-m/nofp/libc_nano.a(libc_a-findfp.o)
 .ARM.attributes
                0x00000181       0x2e /opt/st/stm32cubeide_1.15.1_2/plugins/com.st.stm32cube.ide.mcu.externaltools.gnu-tools-for-stm32.12.3.rel1.linux64_1.0.100.202403111256/tools/bin/../lib/gcc/arm-none-eabi/12.3.1/../../../../arm-none-eabi/lib/thumb/v7e-m/nofp/libc_nano.a(libc_a-fwalk.o)
 .ARM.attributes
                0x000001af       0x2e /opt/st/stm32cubeide_1.15.1_2/plugins/com.st.stm32cube.ide.mcu.externaltools.gnu-tools-for-stm32.12.3.rel1.linux64_1.0.100.202403111256/tools/bin/../lib/gcc/arm-none-eabi/12.3.1/../../../../arm-none-eabi/lib/thumb/v7e-m/nofp/libc_nano.a(libc_a-puts.o)
 .ARM.attributes
                0x000001dd       0x2e /opt/st/stm32cubeide_1.15.1_2/plugins/com.st.stm32cube.ide.mcu.externaltools.gnu-tools-for-stm32.12.3.rel1.linux64_1.0.100.202403111256/tools/bin/../lib/gcc/arm-none-eabi/12.3.1/../../../../arm-none-eabi/lib/thumb/v7e-m/nofp/libc_nano.a(libc_a-stdio.o)
 .ARM.attributes
                0x0000020b       0x2e /opt/st/stm32cubeide_1.15.1_2/plugins/com.st.stm32cube.ide.mcu.externaltools.gnu-tools-for-stm32.12.3.rel1.linux64_1.0.100.202403111256/tools/bin/../lib/gcc/arm-none-eabi/12.3.1/../../../../arm-none-eabi/lib/thumb/v7e-m/nofp/libc_nano.a(libc_a-wbuf.o)
 .ARM.attributes
                0x00000239       0x2e /opt/st/stm32cubeide_1.15.1_2/plugins/com.st.stm32cube.ide.mcu.externaltools.gnu-tools-for-stm32.12.3.rel1.linux64_1.0.100.202403111256/tools/bin/../lib/gcc/arm-none-eabi/12.3.1/../../../../arm-none-eabi/lib/thumb/v7e-m/nofp/libc_nano.a(libc_a-wsetup.o)
 .ARM.attributes
                0x00000267       0x2e /opt/st/stm32cubeide_1.15.1_2/plugins/com.st.stm32cube.ide.mcu.externaltools.gnu-tools-for-stm32.12.3.rel1.linux64_1.0.100.202403111256/tools/bin/../lib/gcc/arm-none-eabi/12.3.1/../../../../arm-none-eabi/lib/thumb/v7e-m/nofp/libc_nano.a(libc_a-memset.o)
 .ARM.attributes
                0x00000295       0x2e /opt/st/stm32cubeide_1.15.1_2/plugins/com.st.stm32cube.ide.mcu.externaltools.gnu-tools-for-stm32.12.3.rel1.linux64_1.0.100.202403111256/tools/bin/../lib/gcc/arm-none-eabi/12.3.1/../../../../arm-none-eabi/lib/thumb/v7e-m/nofp/libc_nano.a(libc_a-closer.o)
 .ARM.attributes
                0x000002c3       0x2e /opt/st/stm32cubeide_1.15.1_2/plugins/com.st.stm32cube.ide.mcu.externaltools.gnu-tools-for-stm32.12.3.rel1.linux64_1.0.100.202403111256/tools/bin/../lib/gcc/arm-none-eabi/12.3.1/../../../../arm-none-eabi/lib/thumb/v7e-m/nofp/libc_nano.a(libc_a-reent.o)
 .ARM.attributes
                0x000002f1       0x2e /opt/st/stm32cubeide_1.15.1_2/plugins/com.st.stm32cube.ide.mcu.externaltools.gnu-tools-for-stm32.12.3.rel1.linux64_1.0.100.202403111256/tools/bin/../lib/gcc/arm-none-eabi/12.3.1/../../../../arm-none-eabi/lib/thumb/v7e-m/nofp/libc_nano.a(libc_a-impure.o)
 .ARM.attributes
                0x0000031f       0x2e /opt/st/stm32cubeide_1.15.1_2/plugins/com.st.stm32cube.ide.mcu.externaltools.gnu-tools-for-stm32.12.3.rel1.linux64_1.0.100.202403111256/tools/bin/../lib/gcc/arm-none-eabi/12.3.1/../../../../arm-none-eabi/lib/thumb/v7e-m/nofp/libc_nano.a(libc_a-lseekr.o)
 .ARM.attributes
                0x0000034d       0x2e /opt/st/stm32cubeide_1.15.1_2/plugins/com.st.stm32cube.ide.mcu.externaltools.gnu-tools-for-stm32.12.3.rel1.linux64_1.0.100.202403111256/tools/bin/../lib/gcc/arm-none-eabi/12.3.1/../../../../arm-none-eabi/lib/thumb/v7e-m/nofp/libc_nano.a(libc_a-readr.o)
 .ARM.attributes
                0x0000037b       0x2e /opt/st/stm32cubeide_1.15.1_2/plugins/com.st.stm32cube.ide.mcu.externaltools.gnu-tools-for-stm32.12.3.rel1.linux64_1.0.100.202403111256/tools/bin/../lib/gcc/arm-none-eabi/12.3.1/../../../../arm-none-eabi/lib/thumb/v7e-m/nofp/libc_nano.a(libc_a-writer.o)
 .ARM.attributes
                0x000003a9       0x2e /opt/st/stm32cubeide_1.15.1_2/plugins/com.st.stm32cube.ide.mcu.externaltools.gnu-tools-for-stm32.12.3.rel1.linux64_1.0.100.202403111256/tools/bin/../lib/gcc/arm-none-eabi/12.3.1/../../../../arm-none-eabi/lib/thumb/v7e-m/nofp/libc_nano.a(libc_a-errno.o)
 .ARM.attributes
                0x000003d7       0x2e /opt/st/stm32cubeide_1.15.1_2/plugins/com.st.stm32cube.ide.mcu.externaltools.gnu-tools-for-stm32.12.3.rel1.linux64_1.0.100.202403111256/tools/bin/../lib/gcc/arm-none-eabi/12.3.1/../../../../arm-none-eabi/lib/thumb/v7e-m/nofp/libc_nano.a(libc_a-init.o)
 .ARM.attributes
                0x00000405       0x2e /opt/st/stm32cubeide_1.15.1_2/plugins/com.st.stm32cube.ide.mcu.externaltools.gnu-tools-for-stm32.12.3.rel1.linux64_1.0.100.202403111256/tools/bin/../lib/gcc/arm-none-eabi/12.3.1/../../../../arm-none-eabi/lib/thumb/v7e-m/nofp/libc_nano.a(libc_a-lock.o)
 .ARM.attributes
                0x00000433       0x2e /opt/st/stm32cubeide_1.15.1_2/plugins/com.st.stm32cube.ide.mcu.externaltools.gnu-tools-for-stm32.12.3.rel1.linux64_1.0.100.202403111256/tools/bin/../lib/gcc/arm-none-eabi/12.3.1/../../../../arm-none-eabi/lib/thumb/v7e-m/nofp/libc_nano.a(libc_a-freer.o)
 .ARM.attributes
                0x00000461       0x2e /opt/st/stm32cubeide_1.15.1_2/plugins/com.st.stm32cube.ide.mcu.externaltools.gnu-tools-for-stm32.12.3.rel1.linux64_1.0.100.202403111256/tools/bin/../lib/gcc/arm-none-eabi/12.3.1/../../../../arm-none-eabi/lib/thumb/v7e-m/nofp/libc_nano.a(libc_a-mallocr.o)
 .ARM.attributes
                0x0000048f       0x2e /opt/st/stm32cubeide_1.15.1_2/plugins/com.st.stm32cube.ide.mcu.externaltools.gnu-tools-for-stm32.12.3.rel1.linux64_1.0.100.202403111256/tools/bin/../lib/gcc/arm-none-eabi/12.3.1/../../../../arm-none-eabi/lib/thumb/v7e-m/nofp/libc_nano.a(libc_a-mlock.o)
 .ARM.attributes
                0x000004bd       0x2e /opt/st/stm32cubeide_1.15.1_2/plugins/com.st.stm32cube.ide.mcu.externaltools.gnu-tools-for-stm32.12.3.rel1.linux64_1.0.100.202403111256/tools/bin/../lib/gcc/arm-none-eabi/12.3.1/../../../../arm-none-eabi/lib/thumb/v7e-m/nofp/libc_nano.a(libc_a-fflush.o)
 .ARM.attributes
                0x000004eb       0x2e /opt/st/stm32cubeide_1.15.1_2/plugins/com.st.stm32cube.ide.mcu.externaltools.gnu-tools-for-stm32.12.3.rel1.linux64_1.0.100.202403111256/tools/bin/../lib/gcc/arm-none-eabi/12.3.1/../../../../arm-none-eabi/lib/thumb/v7e-m/nofp/libc_nano.a(libc_a-makebuf.o)
 .ARM.attributes
                0x00000519       0x2e /opt/st/stm32cubeide_1.15.1_2/plugins/com.st.stm32cube.ide.mcu.externaltools.gnu-tools-for-stm32.12.3.rel1.linux64_1.0.100.202403111256/tools/bin/../lib/gcc/arm-none-eabi/12.3.1/../../../../arm-none-eabi/lib/thumb/v7e-m/nofp/libc_nano.a(libc_a-fstatr.o)
 .ARM.attributes
                0x00000547       0x2e /opt/st/stm32cubeide_1.15.1_2/plugins/com.st.stm32cube.ide.mcu.externaltools.gnu-tools-for-stm32.12.3.rel1.linux64_1.0.100.202403111256/tools/bin/../lib/gcc/arm-none-eabi/12.3.1/../../../../arm-none-eabi/lib/thumb/v7e-m/nofp/libc_nano.a(libc_a-isattyr.o)
 .ARM.attributes
                0x00000575       0x2e /opt/st/stm32cubeide_1.15.1_2/plugins/com.st.stm32cube.ide.mcu.externaltools.gnu-tools-for-stm32.12.3.rel1.linux64_1.0.100.202403111256/tools/bin/../lib/gcc/arm-none-eabi/12.3.1/../../../../arm-none-eabi/lib/thumb/v7e-m/nofp/libc_nano.a(libc_a-sbrkr.o)
 .ARM.attributes
                0x000005a3       0x1e /opt/st/stm32cubeide_1.15.1_2/plugins/com.st.stm32cube.ide.mcu.externaltools.gnu-tools-for-stm32.12.3.rel1.linux64_1.0.100.202403111256/tools/bin/../lib/gcc/arm-none-eabi/12.3.1/thumb/v7e-m/nofp/crtn.o
OUTPUT(basic.elf elf32-littlearm)
LOAD linker stubs
LOAD /opt/st/stm32cubeide_1.15.1_2/plugins/com.st.stm32cube.ide.mcu.externaltools.gnu-tools-for-stm32.12.3.rel1.linux64_1.0.100.202403111256/tools/bin/../lib/gcc/arm-none-eabi/12.3.1/../../../../arm-none-eabi/lib/thumb/v7e-m/nofp/libc.a
LOAD /opt/st/stm32cubeide_1.15.1_2/plugins/com.st.stm32cube.ide.mcu.externaltools.gnu-tools-for-stm32.12.3.rel1.linux64_1.0.100.202403111256/tools/bin/../lib/gcc/arm-none-eabi/12.3.1/../../../../arm-none-eabi/lib/thumb/v7e-m/nofp/libm.a
LOAD /opt/st/stm32cubeide_1.15.1_2/plugins/com.st.stm32cube.ide.mcu.externaltools.gnu-tools-for-stm32.12.3.rel1.linux64_1.0.100.202403111256/tools/bin/../lib/gcc/arm-none-eabi/12.3.1/thumb/v7e-m/nofp/libgcc.a

.debug_info     0x00000000      0xec2
 .debug_info    0x00000000       0xae ./Src/itm.o
 .debug_info    0x000000ae       0x9d ./Src/main.o
 .debug_info    0x0000014b      0x6a3 ./Src/syscalls.o
 .debug_info    0x000007ee      0x168 ./Src/sysmem.o
 .debug_info    0x00000956      0x53c ./Src/system_stm32f4xx.o
 .debug_info    0x00000e92       0x30 ./Startup/startup_stm32f407vgtx.o

.debug_abbrev   0x00000000      0x4af
 .debug_abbrev  0x00000000       0x67 ./Src/itm.o
 .debug_abbrev  0x00000067       0x5a ./Src/main.o
 .debug_abbrev  0x000000c1      0x1b6 ./Src/syscalls.o
 .debug_abbrev  0x00000277       0xbc ./Src/sysmem.o
 .debug_abbrev  0x00000333      0x158 ./Src/system_stm32f4xx.o
 .debug_abbrev  0x0000048b       0x24 ./Startup/startup_stm32f407vgtx.o

.debug_aranges  0x00000000      0x168
 .debug_aranges
                0x00000000       0x20 ./Src/itm.o
 .debug_aranges
                0x00000020       0x20 ./Src/main.o
 .debug_aranges
                0x00000040       0xa8 ./Src/syscalls.o
 .debug_aranges
                0x000000e8       0x20 ./Src/sysmem.o
 .debug_aranges
                0x00000108       0x38 ./Src/system_stm32f4xx.o
 .debug_aranges
                0x00000140       0x28 ./Startup/startup_stm32f407vgtx.o

.debug_rnglists
                0x00000000       0xf1
 .debug_rnglists
                0x00000000       0x13 ./Src/itm.o
 .debug_rnglists
                0x00000013       0x13 ./Src/main.o
 .debug_rnglists
                0x00000026       0x79 ./Src/syscalls.o
 .debug_rnglists
                0x0000009f       0x13 ./Src/sysmem.o
 .debug_rnglists
                0x000000b2       0x26 ./Src/system_stm32f4xx.o
 .debug_rnglists
                0x000000d8       0x19 ./Startup/startup_stm32f407vgtx.o

.debug_macro    0x00000000    0x19fc6
 .debug_macro   0x00000000       0x75 ./Src/itm.o
 .debug_macro   0x00000075      0xab4 ./Src/itm.o
 .debug_macro   0x00000b29       0x22 ./Src/itm.o
 .debug_macro   0x00000b4b       0x8e ./Src/itm.o
 .debug_macro   0x00000bd9       0x51 ./Src/itm.o
 .debug_macro   0x00000c2a      0x103 ./Src/itm.o
 .debug_macro   0x00000d2d       0x6a ./Src/itm.o
 .debug_macro   0x00000d97      0x1df ./Src/itm.o
 .debug_macro   0x00000f76      0x1ae ./Src/main.o
 .debug_macro   0x00001124       0x61 ./Src/main.o
 .debug_macro   0x00001185       0x24 ./Src/main.o
 .debug_macro   0x000011a9       0x43 ./Src/main.o
 .debug_macro   0x000011ec       0x34 ./Src/main.o
 .debug_macro   0x00001220       0x16 ./Src/main.o
 .debug_macro   0x00001236       0x9e ./Src/main.o
 .debug_macro   0x000012d4      0x369 ./Src/main.o
 .debug_macro   0x0000163d      0x10b ./Src/main.o
 .debug_macro   0x00001748       0x10 ./Src/main.o
 .debug_macro   0x00001758       0x16 ./Src/main.o
 .debug_macro   0x0000176e       0x43 ./Src/main.o
 .debug_macro   0x000017b1       0x34 ./Src/main.o
 .debug_macro   0x000017e5       0x10 ./Src/main.o
 .debug_macro   0x000017f5       0x58 ./Src/main.o
 .debug_macro   0x0000184d       0x8e ./Src/main.o
 .debug_macro   0x000018db       0x1c ./Src/main.o
 .debug_macro   0x000018f7      0x177 ./Src/main.o
 .debug_macro   0x00001a6e       0x16 ./Src/main.o
 .debug_macro   0x00001a84       0x16 ./Src/main.o
 .debug_macro   0x00001a9a      0x146 ./Src/main.o
 .debug_macro   0x00001be0       0x2e ./Src/main.o
 .debug_macro   0x00001c0e       0x2f ./Src/main.o
 .debug_macro   0x00001c3d       0x1c ./Src/main.o
 .debug_macro   0x00001c59       0x22 ./Src/main.o
 .debug_macro   0x00001c7b       0xd9 ./Src/main.o
 .debug_macro   0x00001d54     0x102d ./Src/main.o
 .debug_macro   0x00002d81      0x11f ./Src/main.o
 .debug_macro   0x00002ea0       0x11 ./Src/main.o
 .debug_macro   0x00002eb1    0x15e3c ./Src/main.o
 .debug_macro   0x00018ced       0x4a ./Src/main.o
 .debug_macro   0x00018d37      0x274 ./Src/syscalls.o
 .debug_macro   0x00018fab       0x5b ./Src/syscalls.o
 .debug_macro   0x00019006       0x94 ./Src/syscalls.o
 .debug_macro   0x0001909a       0x57 ./Src/syscalls.o
 .debug_macro   0x000190f1      0x189 ./Src/syscalls.o
 .debug_macro   0x0001927a       0x10 ./Src/syscalls.o
 .debug_macro   0x0001928a       0x35 ./Src/syscalls.o
 .debug_macro   0x000192bf       0x10 ./Src/syscalls.o
 .debug_macro   0x000192cf       0x10 ./Src/syscalls.o
 .debug_macro   0x000192df       0x10 ./Src/syscalls.o
 .debug_macro   0x000192ef       0x1c ./Src/syscalls.o
 .debug_macro   0x0001930b       0x52 ./Src/syscalls.o
 .debug_macro   0x0001935d       0x22 ./Src/syscalls.o
 .debug_macro   0x0001937f       0x10 ./Src/syscalls.o
 .debug_macro   0x0001938f       0x52 ./Src/syscalls.o
 .debug_macro   0x000193e1       0xcf ./Src/syscalls.o
 .debug_macro   0x000194b0       0x1c ./Src/syscalls.o
 .debug_macro   0x000194cc       0x3d ./Src/syscalls.o
 .debug_macro   0x00019509       0x35 ./Src/syscalls.o
 .debug_macro   0x0001953e      0x12c ./Src/syscalls.o
 .debug_macro   0x0001966a       0x16 ./Src/syscalls.o
 .debug_macro   0x00019680       0x16 ./Src/syscalls.o
 .debug_macro   0x00019696       0x29 ./Src/syscalls.o
 .debug_macro   0x000196bf       0x10 ./Src/syscalls.o
 .debug_macro   0x000196cf      0x242 ./Src/syscalls.o
 .debug_macro   0x00019911       0x1c ./Src/syscalls.o
 .debug_macro   0x0001992d       0x10 ./Src/syscalls.o
 .debug_macro   0x0001993d      0x18a ./Src/syscalls.o
 .debug_macro   0x00019ac7       0x16 ./Src/syscalls.o
 .debug_macro   0x00019add       0xce ./Src/syscalls.o
 .debug_macro   0x00019bab       0xff ./Src/sysmem.o
 .debug_macro   0x00019caa      0x23c ./Src/sysmem.o
 .debug_macro   0x00019ee6       0xe0 ./Src/system_stm32f4xx.o

.debug_line     0x00000000     0x1ac3
 .debug_line    0x00000000      0x382 ./Src/itm.o
 .debug_line    0x00000382      0x53f ./Src/main.o
 .debug_line    0x000008c1      0x7ec ./Src/syscalls.o
 .debug_line    0x000010ad      0x4bd ./Src/sysmem.o
 .debug_line    0x0000156a      0x4de ./Src/system_stm32f4xx.o
 .debug_line    0x00001a48       0x7b ./Startup/startup_stm32f407vgtx.o

.debug_str      0x00000000    0x8d81a
 .debug_str     0x00000000     0x3c25 ./Src/itm.o
                               0x3d8e (size before relaxing)
 .debug_str     0x00003c25    0x87801 ./Src/main.o
                              0x8b55b (size before relaxing)
 .debug_str     0x0008b426     0x20b8 ./Src/syscalls.o
                               0x986d (size before relaxing)
 .debug_str     0x0008d4de       0x70 ./Src/sysmem.o
                               0x6085 (size before relaxing)
 .debug_str     0x0008d54e      0x28d ./Src/system_stm32f4xx.o
                              0x87da2 (size before relaxing)
 .debug_str     0x0008d7db       0x3f ./Startup/startup_stm32f407vgtx.o
                                 0x62 (size before relaxing)

.comment        0x00000000       0x43
 .comment       0x00000000       0x43 ./Src/itm.o
                                 0x44 (size before relaxing)
 .comment       0x00000043       0x44 ./Src/main.o
 .comment       0x00000043       0x44 ./Src/syscalls.o
 .comment       0x00000043       0x44 ./Src/sysmem.o
 .comment       0x00000043       0x44 ./Src/system_stm32f4xx.o

.debug_frame    0x00000000      0xa64
 .debug_frame   0x00000000       0x38 ./Src/itm.o
 .debug_frame   0x00000038       0x2c ./Src/main.o
 .debug_frame   0x00000064      0x2ac ./Src/syscalls.o
 .debug_frame   0x00000310       0x34 ./Src/sysmem.o
 .debug_frame   0x00000344       0x84 ./Src/system_stm32f4xx.o
 .debug_frame   0x000003c8      0x144 /opt/st/stm32cubeide_1.15.1_2/plugins/com.st.stm32cube.ide.mcu.externaltools.gnu-tools-for-stm32.12.3.rel1.linux64_1.0.100.202403111256/tools/bin/../lib/gcc/arm-none-eabi/12.3.1/../../../../arm-none-eabi/lib/thumb/v7e-m/nofp/libc_nano.a(libc_a-findfp.o)
 .debug_frame   0x0000050c       0x34 /opt/st/stm32cubeide_1.15.1_2/plugins/com.st.stm32cube.ide.mcu.externaltools.gnu-tools-for-stm32.12.3.rel1.linux64_1.0.100.202403111256/tools/bin/../lib/gcc/arm-none-eabi/12.3.1/../../../../arm-none-eabi/lib/thumb/v7e-m/nofp/libc_nano.a(libc_a-fwalk.o)
 .debug_frame   0x00000540       0x3c /opt/st/stm32cubeide_1.15.1_2/plugins/com.st.stm32cube.ide.mcu.externaltools.gnu-tools-for-stm32.12.3.rel1.linux64_1.0.100.202403111256/tools/bin/../lib/gcc/arm-none-eabi/12.3.1/../../../../arm-none-eabi/lib/thumb/v7e-m/nofp/libc_nano.a(libc_a-puts.o)
 .debug_frame   0x0000057c       0x88 /opt/st/stm32cubeide_1.15.1_2/plugins/com.st.stm32cube.ide.mcu.externaltools.gnu-tools-for-stm32.12.3.rel1.linux64_1.0.100.202403111256/tools/bin/../lib/gcc/arm-none-eabi/12.3.1/../../../../arm-none-eabi/lib/thumb/v7e-m/nofp/libc_nano.a(libc_a-stdio.o)
 .debug_frame   0x00000604       0x40 /opt/st/stm32cubeide_1.15.1_2/plugins/com.st.stm32cube.ide.mcu.externaltools.gnu-tools-for-stm32.12.3.rel1.linux64_1.0.100.202403111256/tools/bin/../lib/gcc/arm-none-eabi/12.3.1/../../../../arm-none-eabi/lib/thumb/v7e-m/nofp/libc_nano.a(libc_a-wbuf.o)
 .debug_frame   0x00000644       0x2c /opt/st/stm32cubeide_1.15.1_2/plugins/com.st.stm32cube.ide.mcu.externaltools.gnu-tools-for-stm32.12.3.rel1.linux64_1.0.100.202403111256/tools/bin/../lib/gcc/arm-none-eabi/12.3.1/../../../../arm-none-eabi/lib/thumb/v7e-m/nofp/libc_nano.a(libc_a-wsetup.o)
 .debug_frame   0x00000670       0x20 /opt/st/stm32cubeide_1.15.1_2/plugins/com.st.stm32cube.ide.mcu.externaltools.gnu-tools-for-stm32.12.3.rel1.linux64_1.0.100.202403111256/tools/bin/../lib/gcc/arm-none-eabi/12.3.1/../../../../arm-none-eabi/lib/thumb/v7e-m/nofp/libc_nano.a(libc_a-memset.o)
 .debug_frame   0x00000690       0x2c /opt/st/stm32cubeide_1.15.1_2/plugins/com.st.stm32cube.ide.mcu.externaltools.gnu-tools-for-stm32.12.3.rel1.linux64_1.0.100.202403111256/tools/bin/../lib/gcc/arm-none-eabi/12.3.1/../../../../arm-none-eabi/lib/thumb/v7e-m/nofp/libc_nano.a(libc_a-closer.o)
 .debug_frame   0x000006bc       0x38 /opt/st/stm32cubeide_1.15.1_2/plugins/com.st.stm32cube.ide.mcu.externaltools.gnu-tools-for-stm32.12.3.rel1.linux64_1.0.100.202403111256/tools/bin/../lib/gcc/arm-none-eabi/12.3.1/../../../../arm-none-eabi/lib/thumb/v7e-m/nofp/libc_nano.a(libc_a-reent.o)
 .debug_frame   0x000006f4       0x2c /opt/st/stm32cubeide_1.15.1_2/plugins/com.st.stm32cube.ide.mcu.externaltools.gnu-tools-for-stm32.12.3.rel1.linux64_1.0.100.202403111256/tools/bin/../lib/gcc/arm-none-eabi/12.3.1/../../../../arm-none-eabi/lib/thumb/v7e-m/nofp/libc_nano.a(libc_a-lseekr.o)
 .debug_frame   0x00000720       0x2c /opt/st/stm32cubeide_1.15.1_2/plugins/com.st.stm32cube.ide.mcu.externaltools.gnu-tools-for-stm32.12.3.rel1.linux64_1.0.100.202403111256/tools/bin/../lib/gcc/arm-none-eabi/12.3.1/../../../../arm-none-eabi/lib/thumb/v7e-m/nofp/libc_nano.a(libc_a-readr.o)
 .debug_frame   0x0000074c       0x2c /opt/st/stm32cubeide_1.15.1_2/plugins/com.st.stm32cube.ide.mcu.externaltools.gnu-tools-for-stm32.12.3.rel1.linux64_1.0.100.202403111256/tools/bin/../lib/gcc/arm-none-eabi/12.3.1/../../../../arm-none-eabi/lib/thumb/v7e-m/nofp/libc_nano.a(libc_a-writer.o)
 .debug_frame   0x00000778       0x20 /opt/st/stm32cubeide_1.15.1_2/plugins/com.st.stm32cube.ide.mcu.externaltools.gnu-tools-for-stm32.12.3.rel1.linux64_1.0.100.202403111256/tools/bin/../lib/gcc/arm-none-eabi/12.3.1/../../../../arm-none-eabi/lib/thumb/v7e-m/nofp/libc_nano.a(libc_a-errno.o)
 .debug_frame   0x00000798       0x2c /opt/st/stm32cubeide_1.15.1_2/plugins/com.st.stm32cube.ide.mcu.externaltools.gnu-tools-for-stm32.12.3.rel1.linux64_1.0.100.202403111256/tools/bin/../lib/gcc/arm-none-eabi/12.3.1/../../../../arm-none-eabi/lib/thumb/v7e-m/nofp/libc_nano.a(libc_a-init.o)
 .debug_frame   0x000007c4       0xb0 /opt/st/stm32cubeide_1.15.1_2/plugins/com.st.stm32cube.ide.mcu.externaltools.gnu-tools-for-stm32.12.3.rel1.linux64_1.0.100.202403111256/tools/bin/../lib/gcc/arm-none-eabi/12.3.1/../../../../arm-none-eabi/lib/thumb/v7e-m/nofp/libc_nano.a(libc_a-lock.o)
 .debug_frame   0x00000874       0x38 /opt/st/stm32cubeide_1.15.1_2/plugins/com.st.stm32cube.ide.mcu.externaltools.gnu-tools-for-stm32.12.3.rel1.linux64_1.0.100.202403111256/tools/bin/../lib/gcc/arm-none-eabi/12.3.1/../../../../arm-none-eabi/lib/thumb/v7e-m/nofp/libc_nano.a(libc_a-freer.o)
 .debug_frame   0x000008ac       0x50 /opt/st/stm32cubeide_1.15.1_2/plugins/com.st.stm32cube.ide.mcu.externaltools.gnu-tools-for-stm32.12.3.rel1.linux64_1.0.100.202403111256/tools/bin/../lib/gcc/arm-none-eabi/12.3.1/../../../../arm-none-eabi/lib/thumb/v7e-m/nofp/libc_nano.a(libc_a-mallocr.o)
 .debug_frame   0x000008fc       0x30 /opt/st/stm32cubeide_1.15.1_2/plugins/com.st.stm32cube.ide.mcu.externaltools.gnu-tools-for-stm32.12.3.rel1.linux64_1.0.100.202403111256/tools/bin/../lib/gcc/arm-none-eabi/12.3.1/../../../../arm-none-eabi/lib/thumb/v7e-m/nofp/libc_nano.a(libc_a-mlock.o)
 .debug_frame   0x0000092c       0x5c /opt/st/stm32cubeide_1.15.1_2/plugins/com.st.stm32cube.ide.mcu.externaltools.gnu-tools-for-stm32.12.3.rel1.linux64_1.0.100.202403111256/tools/bin/../lib/gcc/arm-none-eabi/12.3.1/../../../../arm-none-eabi/lib/thumb/v7e-m/nofp/libc_nano.a(libc_a-fflush.o)
 .debug_frame   0x00000988       0x58 /opt/st/stm32cubeide_1.15.1_2/plugins/com.st.stm32cube.ide.mcu.externaltools.gnu-tools-for-stm32.12.3.rel1.linux64_1.0.100.202403111256/tools/bin/../lib/gcc/arm-none-eabi/12.3.1/../../../../arm-none-eabi/lib/thumb/v7e-m/nofp/libc_nano.a(libc_a-makebuf.o)
 .debug_frame   0x000009e0       0x2c /opt/st/stm32cubeide_1.15.1_2/plugins/com.st.stm32cube.ide.mcu.externaltools.gnu-tools-for-stm32.12.3.rel1.linux64_1.0.100.202403111256/tools/bin/../lib/gcc/arm-none-eabi/12.3.1/../../../../arm-none-eabi/lib/thumb/v7e-m/nofp/libc_nano.a(libc_a-fstatr.o)
 .debug_frame   0x00000a0c       0x2c /opt/st/stm32cubeide_1.15.1_2/plugins/com.st.stm32cube.ide.mcu.externaltools.gnu-tools-for-stm32.12.3.rel1.linux64_1.0.100.202403111256/tools/bin/../lib/gcc/arm-none-eabi/12.3.1/../../../../arm-none-eabi/lib/thumb/v7e-m/nofp/libc_nano.a(libc_a-isattyr.o)
 .debug_frame   0x00000a38       0x2c /opt/st/stm32cubeide_1.15.1_2/plugins/com.st.stm32cube.ide.mcu.externaltools.gnu-tools-for-stm32.12.3.rel1.linux64_1.0.100.202403111256/tools/bin/../lib/gcc/arm-none-eabi/12.3.1/../../../../arm-none-eabi/lib/thumb/v7e-m/nofp/libc_nano.a(libc_a-sbrkr.o)

.debug_loclists
                0x00000000       0x1f
 .debug_loclists
                0x00000000       0x1f ./Src/system_stm32f4xx.o

.debug_line_str
                0x00000000       0x46
 .debug_line_str
                0x00000000       0x46 ./Startup/startup_stm32f407vgtx.o
