Archive member included to satisfy reference by file (symbol)

/opt/st/stm32cubeide_1.15.1_2/plugins/com.st.stm32cube.ide.mcu.externaltools.gnu-tools-for-stm32.12.3.rel1.linux64_1.0.100.202403111256/tools/bin/../lib/gcc/arm-none-eabi/12.3.1/../../../../arm-none-eabi/lib/thumb/v7e-m+fp/hard/libc_nano.a(libc_a-exit.o)
                              /opt/st/stm32cubeide_1.15.1_2/plugins/com.st.stm32cube.ide.mcu.externaltools.gnu-tools-for-stm32.12.3.rel1.linux64_1.0.100.202403111256/tools/bin/../lib/gcc/arm-none-eabi/12.3.1/../../../../arm-none-eabi/lib/thumb/v7e-m+fp/hard/crt0.o (exit)
/opt/st/stm32cubeide_1.15.1_2/plugins/com.st.stm32cube.ide.mcu.externaltools.gnu-tools-for-stm32.12.3.rel1.linux64_1.0.100.202403111256/tools/bin/../lib/gcc/arm-none-eabi/12.3.1/../../../../arm-none-eabi/lib/thumb/v7e-m+fp/hard/libc_nano.a(libc_a-findfp.o)
                              ./ThirdParty/tasks.o (__sf)
/opt/st/stm32cubeide_1.15.1_2/plugins/com.st.stm32cube.ide.mcu.externaltools.gnu-tools-for-stm32.12.3.rel1.linux64_1.0.100.202403111256/tools/bin/../lib/gcc/arm-none-eabi/12.3.1/../../../../arm-none-eabi/lib/thumb/v7e-m+fp/hard/libc_nano.a(libc_a-fwalk.o)
                              /opt/st/stm32cubeide_1.15.1_2/plugins/com.st.stm32cube.ide.mcu.externaltools.gnu-tools-for-stm32.12.3.rel1.linux64_1.0.100.202403111256/tools/bin/../lib/gcc/arm-none-eabi/12.3.1/../../../../arm-none-eabi/lib/thumb/v7e-m+fp/hard/libc_nano.a(libc_a-findfp.o) (_fwalk_sglue)
/opt/st/stm32cubeide_1.15.1_2/plugins/com.st.stm32cube.ide.mcu.externaltools.gnu-tools-for-stm32.12.3.rel1.linux64_1.0.100.202403111256/tools/bin/../lib/gcc/arm-none-eabi/12.3.1/../../../../arm-none-eabi/lib/thumb/v7e-m+fp/hard/libc_nano.a(libc_a-stdio.o)
                              /opt/st/stm32cubeide_1.15.1_2/plugins/com.st.stm32cube.ide.mcu.externaltools.gnu-tools-for-stm32.12.3.rel1.linux64_1.0.100.202403111256/tools/bin/../lib/gcc/arm-none-eabi/12.3.1/../../../../arm-none-eabi/lib/thumb/v7e-m+fp/hard/libc_nano.a(libc_a-findfp.o) (__sread)
/opt/st/stm32cubeide_1.15.1_2/plugins/com.st.stm32cube.ide.mcu.externaltools.gnu-tools-for-stm32.12.3.rel1.linux64_1.0.100.202403111256/tools/bin/../lib/gcc/arm-none-eabi/12.3.1/../../../../arm-none-eabi/lib/thumb/v7e-m+fp/hard/libc_nano.a(libc_a-memset.o)
                              /opt/st/stm32cubeide_1.15.1_2/plugins/com.st.stm32cube.ide.mcu.externaltools.gnu-tools-for-stm32.12.3.rel1.linux64_1.0.100.202403111256/tools/bin/../lib/gcc/arm-none-eabi/12.3.1/../../../../arm-none-eabi/lib/thumb/v7e-m+fp/hard/crt0.o (memset)
/opt/st/stm32cubeide_1.15.1_2/plugins/com.st.stm32cube.ide.mcu.externaltools.gnu-tools-for-stm32.12.3.rel1.linux64_1.0.100.202403111256/tools/bin/../lib/gcc/arm-none-eabi/12.3.1/../../../../arm-none-eabi/lib/thumb/v7e-m+fp/hard/libc_nano.a(libc_a-closer.o)
                              /opt/st/stm32cubeide_1.15.1_2/plugins/com.st.stm32cube.ide.mcu.externaltools.gnu-tools-for-stm32.12.3.rel1.linux64_1.0.100.202403111256/tools/bin/../lib/gcc/arm-none-eabi/12.3.1/../../../../arm-none-eabi/lib/thumb/v7e-m+fp/hard/libc_nano.a(libc_a-stdio.o) (_close_r)
/opt/st/stm32cubeide_1.15.1_2/plugins/com.st.stm32cube.ide.mcu.externaltools.gnu-tools-for-stm32.12.3.rel1.linux64_1.0.100.202403111256/tools/bin/../lib/gcc/arm-none-eabi/12.3.1/../../../../arm-none-eabi/lib/thumb/v7e-m+fp/hard/libc_nano.a(libc_a-reent.o)
                              ./ThirdParty/tasks.o (_reclaim_reent)
/opt/st/stm32cubeide_1.15.1_2/plugins/com.st.stm32cube.ide.mcu.externaltools.gnu-tools-for-stm32.12.3.rel1.linux64_1.0.100.202403111256/tools/bin/../lib/gcc/arm-none-eabi/12.3.1/../../../../arm-none-eabi/lib/thumb/v7e-m+fp/hard/libc_nano.a(libc_a-impure.o)
                              ./ThirdParty/tasks.o (_impure_ptr)
/opt/st/stm32cubeide_1.15.1_2/plugins/com.st.stm32cube.ide.mcu.externaltools.gnu-tools-for-stm32.12.3.rel1.linux64_1.0.100.202403111256/tools/bin/../lib/gcc/arm-none-eabi/12.3.1/../../../../arm-none-eabi/lib/thumb/v7e-m+fp/hard/libc_nano.a(libc_a-lseekr.o)
                              /opt/st/stm32cubeide_1.15.1_2/plugins/com.st.stm32cube.ide.mcu.externaltools.gnu-tools-for-stm32.12.3.rel1.linux64_1.0.100.202403111256/tools/bin/../lib/gcc/arm-none-eabi/12.3.1/../../../../arm-none-eabi/lib/thumb/v7e-m+fp/hard/libc_nano.a(libc_a-stdio.o) (_lseek_r)
/opt/st/stm32cubeide_1.15.1_2/plugins/com.st.stm32cube.ide.mcu.externaltools.gnu-tools-for-stm32.12.3.rel1.linux64_1.0.100.202403111256/tools/bin/../lib/gcc/arm-none-eabi/12.3.1/../../../../arm-none-eabi/lib/thumb/v7e-m+fp/hard/libc_nano.a(libc_a-readr.o)
                              /opt/st/stm32cubeide_1.15.1_2/plugins/com.st.stm32cube.ide.mcu.externaltools.gnu-tools-for-stm32.12.3.rel1.linux64_1.0.100.202403111256/tools/bin/../lib/gcc/arm-none-eabi/12.3.1/../../../../arm-none-eabi/lib/thumb/v7e-m+fp/hard/libc_nano.a(libc_a-stdio.o) (_read_r)
[...]
Memory Configuration

Name             Origin             Length             Attributes
CCMRAM           0x10000000         0x00010000         xrw
RAM              0x20000000         0x00020000         xrw
FLASH            0x08000000         0x00100000         xr
*default*        0x00000000         0xffffffff

Linker script and memory map

LOAD /opt/st/stm32cubeide_1.15.1_2/plugins/com.st.stm32cube.ide.mcu.externaltools.gnu-tools-for-stm32.12.3.rel1.linux64_1.0.100.202403111256/tools/bin/../lib/gcc/arm-none-eabi/12.3.1/thumb/v7e-m+fp/hard/crti.o
LOAD /opt/st/stm32cubeide_1.15.1_2/plugins/com.st.stm32cube.ide.mcu.externaltools.gnu-tools-for-stm32.12.3.rel1.linux64_1.0.100.202403111256/tools/bin/../lib/gcc/arm-none-eabi/12.3.1/thumb/v7e-m+fp/hard/crtbegin.o
LOAD /opt/st/stm32cubeide_1.15.1_2/plugins/com.st.stm32cube.ide.mcu.externaltools.gnu-tools-for-stm32.12.3.rel1.linux64_1.0.100.202403111256/tools/bin/../lib/gcc/arm-none-eabi/12.3.1/../../../../arm-none-eabi/lib/thumb/v7e-m+fp/hard/crt0.o
LOAD ./Core/Src/main.o
LOAD ./Core/Src/stm32f4xx_hal_msp.o
LOAD ./Core/Src/stm32f4xx_hal_timebase_tim.o
LOAD ./Core/Src/stm32f4xx_it.o
LOAD ./Core/Src/syscalls.o
LOAD ./Core/Src/sysmem.o
LOAD ./Core/Src/system_stm32f4xx.o
LOAD ./Core/Startup/startup_stm32f407vgtx.o
LOAD ./Drivers/STM32F4xx_HAL_Driver/Src/stm32f4xx_hal.o
LOAD ./Drivers/STM32F4xx_HAL_Driver/Src/stm32f4xx_hal_cortex.o
LOAD ./Drivers/STM32F4xx_HAL_Driver/Src/stm32f4xx_hal_dma.o
LOAD ./Drivers/STM32F4xx_HAL_Driver/Src/stm32f4xx_hal_dma_ex.o
LOAD ./Drivers/STM32F4xx_HAL_Driver/Src/stm32f4xx_hal_exti.o
LOAD ./Drivers/STM32F4xx_HAL_Driver/Src/stm32f4xx_hal_flash.o
LOAD ./Drivers/STM32F4xx_HAL_Driver/Src/stm32f4xx_hal_flash_ex.o
LOAD ./Drivers/STM32F4xx_HAL_Driver/Src/stm32f4xx_hal_flash_ramfunc.o
LOAD ./Drivers/STM32F4xx_HAL_Driver/Src/stm32f4xx_hal_gpio.o
LOAD ./Drivers/STM32F4xx_HAL_Driver/Src/stm32f4xx_hal_pwr.o
LOAD ./Drivers/STM32F4xx_HAL_Driver/Src/stm32f4xx_hal_pwr_ex.o
LOAD ./Drivers/STM32F4xx_HAL_Driver/Src/stm32f4xx_hal_rcc.o
LOAD ./Drivers/STM32F4xx_HAL_Driver/Src/stm32f4xx_hal_rcc_ex.o
LOAD ./Drivers/STM32F4xx_HAL_Driver/Src/stm32f4xx_hal_tim.o
LOAD ./Drivers/STM32F4xx_HAL_Driver/Src/stm32f4xx_hal_tim_ex.o
LOAD ./Drivers/STM32F4xx_HAL_Driver/Src/stm32f4xx_hal_uart.o
LOAD ./ThirdParty/croutine.o
LOAD ./ThirdParty/event_groups.o
LOAD ./ThirdParty/list.o
LOAD ./ThirdParty/queue.o
LOAD ./ThirdParty/stream_buffer.o
LOAD ./ThirdParty/tasks.o
LOAD ./ThirdParty/timers.o
LOAD ./ThirdParty/portable/GCC/ARM_CM4F/port.o
LOAD ./ThirdParty/portable/MemMang/heap_4.o
START GROUP
LOAD /opt/st/stm32cubeide_1.15.1_2/plugins/com.st.stm32cube.ide.mcu.externaltools.gnu-tools-for-stm32.12.3.rel1.linux64_1.0.100.202403111256/tools/bin/../lib/gcc/arm-none-eabi/12.3.1/../../../../arm-none-eabi/lib/thumb/v7e-m+fp/hard/libc_nano.a
LOAD /opt/st/stm32cubeide_1.15.1_2/plugins/com.st.stm32cube.ide.mcu.externaltools.gnu-tools-for-stm32.12.3.rel1.linux64_1.0.100.202403111256/tools/bin/../lib/gcc/arm-none-eabi/12.3.1/../../../../arm-none-eabi/lib/thumb/v7e-m+fp/hard/libm.a
END GROUP
START GROUP
LOAD /opt/st/stm32cubeide_1.15.1_2/plugins/com.st.stm32cube.ide.mcu.externaltools.gnu-tools-for-stm32.12.3.rel1.linux64_1.0.100.202403111256/tools/bin/../lib/gcc/arm-none-eabi/12.3.1/thumb/v7e-m+fp/hard/libgcc.a
LOAD /opt/st/stm32cubeide_1.15.1_2/plugins/com.st.stm32cube.ide.mcu.externaltools.gnu-tools-for-stm32.12.3.rel1.linux64_1.0.100.202403111256/tools/bin/../lib/gcc/arm-none-eabi/12.3.1/../../../../arm-none-eabi/lib/thumb/v7e-m+fp/hard/libc_nano.a
END GROUP
START GROUP
LOAD /opt/st/stm32cubeide_1.15.1_2/plugins/com.st.stm32cube.ide.mcu.externaltools.gnu-tools-for-stm32.12.3.rel1.linux64_1.0.100.202403111256/tools/bin/../lib/gcc/arm-none-eabi/12.3.1/thumb/v7e-m+fp/hard/libgcc.a
LOAD /opt/st/stm32cubeide_1.15.1_2/plugins/com.st.stm32cube.ide.mcu.externaltools.gnu-tools-for-stm32.12.3.rel1.linux64_1.0.100.202403111256/tools/bin/../lib/gcc/arm-none-eabi/12.3.1/../../../../arm-none-eabi/lib/thumb/v7e-m+fp/hard/libc_nano.a
LOAD /opt/st/stm32cubeide_1.15.1_2/plugins/com.st.stm32cube.ide.mcu.externaltools.gnu-tools-for-stm32.12.3.rel1.linux64_1.0.100.202403111256/tools/bin/../lib/gcc/arm-none-eabi/12.3.1/../../../../arm-none-eabi/lib/thumb/v7e-m+fp/hard/libnosys.a
END GROUP
START GROUP
LOAD /opt/st/stm32cubeide_1.15.1_2/plugins/com.st.stm32cube.ide.mcu.externaltools.gnu-tools-for-stm32.12.3.rel1.linux64_1.0.100.202403111256/tools/bin/../lib/gcc/arm-none-eabi/12.3.1/thumb/v7e-m+fp/hard/libgcc.a
LOAD /opt/st/stm32cubeide_1.15.1_2/plugins/com.st.stm32cube.ide.mcu.externaltools.gnu-tools-for-stm32.12.3.rel1.linux64_1.0.100.202403111256/tools/bin/../lib/gcc/arm-none-eabi/12.3.1/../../../../arm-none-eabi/lib/thumb/v7e-m+fp/hard/libc_nano.a
LOAD /opt/st/stm32cubeide_1.15.1_2/plugins/com.st.stm32cube.ide.mcu.externaltools.gnu-tools-for-stm32.12.3.rel1.linux64_1.0.100.202403111256/tools/bin/../lib/gcc/arm-none-eabi/12.3.1/../../../../arm-none-eabi/lib/thumb/v7e-m+fp/hard/libnosys.a
END GROUP
LOAD /opt/st/stm32cubeide_1.15.1_2/plugins/com.st.stm32cube.ide.mcu.externaltools.gnu-tools-for-stm32.12.3.rel1.linux64_1.0.100.202403111256/tools/bin/../lib/gcc/arm-none-eabi/12.3.1/thumb/v7e-m+fp/hard/crtend.o
LOAD /opt/st/stm32cubeide_1.15.1_2/plugins/com.st.stm32cube.ide.mcu.externaltools.gnu-tools-for-stm32.12.3.rel1.linux64_1.0.100.202403111256/tools/bin/../lib/gcc/arm-none-eabi/12.3.1/thumb/v7e-m+fp/hard/crtn.o
                0x20020000                        _estack = (ORIGIN (RAM) + LENGTH (RAM))
                0x00000200                        _Min_Heap_Size = 0x200
                0x00000400                        _Min_Stack_Size = 0x400

.isr_vector     0x08000000      0x188
                0x08000000                        . = ALIGN (0x4)
 *(.isr_vector)
 .isr_vector    0x08000000      0x188 ./Core/Startup/startup_stm32f407vgtx.o
                0x08000000                g_pfnVectors
                0x08000188                        . = ALIGN (0x4)

.text           0x08000190     0x4264
                0x08000190                        . = ALIGN (0x4)
 *(.text)
 .text          0x08000190       0x40 /opt/st/stm32cubeide_1.15.1_2/plugins/com.st.stm32cube.ide.mcu.externaltools.gnu-tools-for-stm32.12.3.rel1.linux64_1.0.100.202403111256/tools/bin/../lib/gcc/arm-none-eabi/12.3.1/thumb/v7e-m+fp/hard/crtbegin.o
 .text          0x080001d0       0x10 /opt/st/stm32cubeide_1.15.1_2/plugins/com.st.stm32cube.ide.mcu.externaltools.gnu-tools-for-stm32.12.3.rel1.linux64_1.0.100.202403111256/tools/bin/../lib/gcc/arm-none-eabi/12.3.1/../../../../arm-none-eabi/lib/thumb/v7e-m+fp/hard/libc_nano.a(libc_a-strlen.o)
                0x080001d0                strlen
 .text          0x080001e0       0x30 /opt/st/stm32cubeide_1.15.1_2/plugins/com.st.stm32cube.ide.mcu.externaltools.gnu-tools-for-stm32.12.3.rel1.linux64_1.0.100.202403111256/tools/bin/../lib/gcc/arm-none-eabi/12.3.1/thumb/v7e-m+fp/hard/libgcc.a(_aeabi_uldivmod.o)
                0x080001e0                __aeabi_uldivmod
 .text          0x08000210      0x2bc /opt/st/stm32cubeide_1.15.1_2/plugins/com.st.stm32cube.ide.mcu.externaltools.gnu-tools-for-stm32.12.3.rel1.linux64_1.0.100.202403111256/tools/bin/../lib/gcc/arm-none-eabi/12.3.1/thumb/v7e-m+fp/hard/libgcc.a(_udivmoddi4.o)
                0x08000210                __udivmoddi4
 .text          0x080004cc        0x4 /opt/st/stm32cubeide_1.15.1_2/plugins/com.st.stm32cube.ide.mcu.externaltools.gnu-tools-for-stm32.12.3.rel1.linux64_1.0.100.202403111256/tools/bin/../lib/gcc/arm-none-eabi/12.3.1/thumb/v7e-m+fp/hard/libgcc.a(_dvmd_tls.o)
                0x080004cc                __aeabi_ldiv0
                0x080004cc                __aeabi_idiv0
 *(.text*)
 .text.vAperiodicTask
                0x080004d0       0x48 ./Core/Src/main.o
                0x080004d0                vAperiodicTask
 .text.vPeriodicTask
                0x08000518       0x54 ./Core/Src/main.o
                0x08000518                vPeriodicTask
 .text.main     0x0800056c       0x74 ./Core/Src/main.o
                0x0800056c                main
 .text.SystemClock_Config
                0x080005e0       0xd4 ./Core/Src/main.o
                0x080005e0                SystemClock_Config
 .text.MX_USART2_UART_Init
                0x080006b4       0x54 ./Core/Src/main.o
 .text.MX_DMA_Init
                0x08000708       0x40 ./Core/Src/main.o
 .text.MX_GPIO_Init
                0x08000748       0x88 ./Core/Src/main.o
 .text.HAL_TIM_PeriodElapsedCallback
                0x080007d0       0x24 ./Core/Src/main.o
                0x080007d0                HAL_TIM_PeriodElapsedCallback
 .text.Error_Handler
                0x080007f4        0xc ./Core/Src/main.o
                0x080007f4                Error_Handler
 .text.HAL_MspInit
                0x08000800       0x50 ./Core/Src/stm32f4xx_hal_msp.o
                0x08000800                HAL_MspInit
 .text.HAL_UART_MspInit
                0x08000850       0xf4 ./Core/Src/stm32f4xx_hal_msp.o
                0x08000850                HAL_UART_MspInit
 .text.HAL_InitTick
                0x08000944       0xe8 ./Core/Src/stm32f4xx_hal_timebase_tim.o
                0x08000944                HAL_InitTick
 .text.NMI_Handler
                0x08000a2c        0x8 ./Core/Src/stm32f4xx_it.o
                0x08000a2c                NMI_Handler
 .text.HardFault_Handler
                0x08000a34        0x8 ./Core/Src/stm32f4xx_it.o
                0x08000a34                HardFault_Handler
 .text.MemManage_Handler
                0x08000a3c        0x8 ./Core/Src/stm32f4xx_it.o
                0x08000a3c                MemManage_Handler
 .text.BusFault_Handler
                0x08000a44        0x8 ./Core/Src/stm32f4xx_it.o
                0x08000a44                BusFault_Handler
 .text.UsageFault_Handler
                0x08000a4c        0x8 ./Core/Src/stm32f4xx_it.o
                0x08000a4c                UsageFault_Handler
 .text.DebugMon_Handler
                0x08000a54        0xe ./Core/Src/stm32f4xx_it.o
                0x08000a54                DebugMon_Handler
 *fill*         0x08000a62        0x2 
 .text.DMA1_Stream5_IRQHandler
                0x08000a64       0x14 ./Core/Src/stm32f4xx_it.o
                0x08000a64                DMA1_Stream5_IRQHandler
 .text.TIM1_UP_TIM10_IRQHandler
                0x08000a78       0x14 ./Core/Src/stm32f4xx_it.o
                0x08000a78                TIM1_UP_TIM10_IRQHandler
 .text.SystemInit
                0x08000a8c       0x24 ./Core/Src/system_stm32f4xx.o
                0x08000a8c                SystemInit
 .text.Reset_Handler
                0x08000ab0       0x50 ./Core/Startup/startup_stm32f407vgtx.o
                0x08000ab0                Reset_Handler
 .text.Default_Handler
                0x08000b00        0x2 ./Core/Startup/startup_stm32f407vgtx.o
                0x08000b00                RTC_Alarm_IRQHandler
                0x08000b00                HASH_RNG_IRQHandler
                0x08000b00                EXTI2_IRQHandler
                0x08000b00                TIM8_CC_IRQHandler
                0x08000b00                TIM1_CC_IRQHandler
                0x08000b00                DMA2_Stream5_IRQHandler
                0x08000b00                PVD_IRQHandler
                0x08000b00                SDIO_IRQHandler
                0x08000b00                TAMP_STAMP_IRQHandler
                0x08000b00                CAN2_RX1_IRQHandler
                0x08000b00                EXTI3_IRQHandler
                0x08000b00                TIM8_TRG_COM_TIM14_IRQHandler
                0x08000b00                TIM8_UP_TIM13_IRQHandler
                0x08000b00                I2C3_ER_IRQHandler
                0x08000b00                EXTI0_IRQHandler
                0x08000b00                I2C2_EV_IRQHandler
                0x08000b00                DMA1_Stream2_IRQHandler
                0x08000b00                CAN1_RX0_IRQHandler
                0x08000b00                FPU_IRQHandler
                0x08000b00                OTG_HS_WKUP_IRQHandler
                0x08000b00                CAN2_SCE_IRQHandler
                0x08000b00                DMA2_Stream2_IRQHandler
                0x08000b00                SPI1_IRQHandler
                0x08000b00                TIM6_DAC_IRQHandler
                0x08000b00                TIM1_BRK_TIM9_IRQHandler
                0x08000b00                DCMI_IRQHandler
                0x08000b00                CAN2_RX0_IRQHandler
                0x08000b00                DMA2_Stream3_IRQHandler
                0x08000b00                USART6_IRQHandler
                0x08000b00                USART3_IRQHandler
                0x08000b00                CAN1_RX1_IRQHandler
                0x08000b00                UART5_IRQHandler
                0x08000b00                DMA2_Stream0_IRQHandler
                0x08000b00                TIM4_IRQHandler
                0x08000b00                I2C1_EV_IRQHandler
                0x08000b00                DMA1_Stream6_IRQHandler
                0x08000b00                DMA1_Stream1_IRQHandler
                0x08000b00                UART4_IRQHandler
                0x08000b00                TIM3_IRQHandler
                0x08000b00                RCC_IRQHandler
                0x08000b00                TIM8_BRK_TIM12_IRQHandler
                0x08000b00                Default_Handler
                0x08000b00                EXTI15_10_IRQHandler
                0x08000b00                ADC_IRQHandler
                0x08000b00                DMA1_Stream7_IRQHandler
                0x08000b00                TIM7_IRQHandler
                0x08000b00                CAN2_TX_IRQHandler
                0x08000b00                TIM5_IRQHandler
                0x08000b00                DMA2_Stream7_IRQHandler
                0x08000b00                I2C3_EV_IRQHandler
                0x08000b00                EXTI9_5_IRQHandler
                0x08000b00                RTC_WKUP_IRQHandler
                0x08000b00                ETH_WKUP_IRQHandler
                0x08000b00                SPI2_IRQHandler
                0x08000b00                OTG_HS_EP1_IN_IRQHandler
                0x08000b00                DMA1_Stream0_IRQHandler
                0x08000b00                CAN1_TX_IRQHandler
                0x08000b00                EXTI4_IRQHandler
                0x08000b00                FSMC_IRQHandler
                0x08000b00                ETH_IRQHandler
                0x08000b00                OTG_HS_EP1_OUT_IRQHandler
                0x08000b00                WWDG_IRQHandler
                0x08000b00                TIM2_IRQHandler
                0x08000b00                OTG_FS_WKUP_IRQHandler
                0x08000b00                TIM1_TRG_COM_TIM11_IRQHandler
                0x08000b00                OTG_HS_IRQHandler
                0x08000b00                EXTI1_IRQHandler
                0x08000b00                USART2_IRQHandler
                0x08000b00                I2C2_ER_IRQHandler
                0x08000b00                DMA2_Stream1_IRQHandler
                0x08000b00                CAN1_SCE_IRQHandler
                0x08000b00                FLASH_IRQHandler
                0x08000b00                DMA2_Stream4_IRQHandler
                0x08000b00                USART1_IRQHandler
                0x08000b00                OTG_FS_IRQHandler
                0x08000b00                SPI3_IRQHandler
                0x08000b00                DMA1_Stream4_IRQHandler
                0x08000b00                I2C1_ER_IRQHandler
                0x08000b00                DMA2_Stream6_IRQHandler
                0x08000b00                DMA1_Stream3_IRQHandler
 *fill*         0x08000b02        0x2 
 .text.HAL_Init
                0x08000b04       0x44 ./Drivers/STM32F4xx_HAL_Driver/Src/stm32f4xx_hal.o
                0x08000b04                HAL_Init
 .text.HAL_IncTick
                0x08000b48       0x28 ./Drivers/STM32F4xx_HAL_Driver/Src/stm32f4xx_hal.o
                0x08000b48                HAL_IncTick
 .text.HAL_GetTick
                0x08000b70       0x18 ./Drivers/STM32F4xx_HAL_Driver/Src/stm32f4xx_hal.o
                0x08000b70                HAL_GetTick
 .text.HAL_Delay
                0x08000b88       0x48 ./Drivers/STM32F4xx_HAL_Driver/Src/stm32f4xx_hal.o
                0x08000b88                HAL_Delay
 .text.__NVIC_SetPriorityGrouping
                0x08000bd0       0x48 ./Drivers/STM32F4xx_HAL_Driver/Src/stm32f4xx_hal_cortex.o
 .text.__NVIC_GetPriorityGrouping
                0x08000c18       0x1c ./Drivers/STM32F4xx_HAL_Driver/Src/stm32f4xx_hal_cortex.o
 .text.__NVIC_EnableIRQ
                0x08000c34       0x3c ./Drivers/STM32F4xx_HAL_Driver/Src/stm32f4xx_hal_cortex.o
 .text.__NVIC_SetPriority
                0x08000c70       0x54 ./Drivers/STM32F4xx_HAL_Driver/Src/stm32f4xx_hal_cortex.o
 .text.NVIC_EncodePriority
                0x08000cc4       0x66 ./Drivers/STM32F4xx_HAL_Driver/Src/stm32f4xx_hal_cortex.o
 .text.HAL_NVIC_SetPriorityGrouping
                0x08000d2a       0x16 ./Drivers/STM32F4xx_HAL_Driver/Src/stm32f4xx_hal_cortex.o
                0x08000d2a                HAL_NVIC_SetPriorityGrouping
 .text.HAL_NVIC_SetPriority
                0x08000d40       0x38 ./Drivers/STM32F4xx_HAL_Driver/Src/stm32f4xx_hal_cortex.o
                0x08000d40                HAL_NVIC_SetPriority
 .text.HAL_NVIC_EnableIRQ
                0x08000d78       0x1c ./Drivers/STM32F4xx_HAL_Driver/Src/stm32f4xx_hal_cortex.o
                0x08000d78                HAL_NVIC_EnableIRQ
 .text.HAL_DMA_Init
                0x08000d94      0x15c ./Drivers/STM32F4xx_HAL_Driver/Src/stm32f4xx_hal_dma.o
                0x08000d94                HAL_DMA_Init
 .text.HAL_DMA_IRQHandler
                0x08000ef0      0x314 ./Drivers/STM32F4xx_HAL_Driver/Src/stm32f4xx_hal_dma.o
                0x08000ef0                HAL_DMA_IRQHandler
 .text.DMA_CalcBaseAndBitshift
                0x08001204       0x6c ./Drivers/STM32F4xx_HAL_Driver/Src/stm32f4xx_hal_dma.o
 .text.DMA_CheckFifoParam
                0x08001270       0xf8 ./Drivers/STM32F4xx_HAL_Driver/Src/stm32f4xx_hal_dma.o
 .text.HAL_GPIO_Init
                0x08001368      0x338 ./Drivers/STM32F4xx_HAL_Driver/Src/stm32f4xx_hal_gpio.o
                0x08001368                HAL_GPIO_Init
 .text.HAL_GPIO_WritePin
                0x080016a0       0x32 ./Drivers/STM32F4xx_HAL_Driver/Src/stm32f4xx_hal_gpio.o
                0x080016a0                HAL_GPIO_WritePin
 .text.HAL_GPIO_TogglePin
                0x080016d2       0x34 ./Drivers/STM32F4xx_HAL_Driver/Src/stm32f4xx_hal_gpio.o
                0x080016d2                HAL_GPIO_TogglePin
 *fill*         0x08001706        0x2 
 .text.HAL_RCC_OscConfig
                0x08001708      0x4f0 ./Drivers/STM32F4xx_HAL_Driver/Src/stm32f4xx_hal_rcc.o
                0x08001708                HAL_RCC_OscConfig
 .text.HAL_RCC_ClockConfig
                0x08001bf8      0x1cc ./Drivers/STM32F4xx_HAL_Driver/Src/stm32f4xx_hal_rcc.o
                0x08001bf8                HAL_RCC_ClockConfig
 .text.HAL_RCC_GetSysClockFreq
                0x08001dc4      0x20c ./Drivers/STM32F4xx_HAL_Driver/Src/stm32f4xx_hal_rcc.o
                0x08001dc4                HAL_RCC_GetSysClockFreq
 .text.HAL_RCC_GetHCLKFreq
                0x08001fd0       0x18 ./Drivers/STM32F4xx_HAL_Driver/Src/stm32f4xx_hal_rcc.o
                0x08001fd0                HAL_RCC_GetHCLKFreq
 .text.HAL_RCC_GetPCLK1Freq
                0x08001fe8       0x28 ./Drivers/STM32F4xx_HAL_Driver/Src/stm32f4xx_hal_rcc.o
                0x08001fe8                HAL_RCC_GetPCLK1Freq
 .text.HAL_RCC_GetPCLK2Freq
                0x08002010       0x28 ./Drivers/STM32F4xx_HAL_Driver/Src/stm32f4xx_hal_rcc.o
                0x08002010                HAL_RCC_GetPCLK2Freq
 .text.HAL_RCC_GetClockConfig
                0x08002038       0x64 ./Drivers/STM32F4xx_HAL_Driver/Src/stm32f4xx_hal_rcc.o
                0x08002038                HAL_RCC_GetClockConfig
 .text.HAL_TIM_Base_Init
                0x0800209c       0x9e ./Drivers/STM32F4xx_HAL_Driver/Src/stm32f4xx_hal_tim.o
                0x0800209c                HAL_TIM_Base_Init
 .text.HAL_TIM_Base_MspInit
                0x0800213a       0x14 ./Drivers/STM32F4xx_HAL_Driver/Src/stm32f4xx_hal_tim.o
                0x0800213a                HAL_TIM_Base_MspInit
 *fill*         0x0800214e        0x2 
 .text.HAL_TIM_Base_Start_IT
                0x08002150       0xe0 ./Drivers/STM32F4xx_HAL_Driver/Src/stm32f4xx_hal_tim.o
                0x08002150                HAL_TIM_Base_Start_IT
 .text.HAL_TIM_IRQHandler
                0x08002230      0x1e0 ./Drivers/STM32F4xx_HAL_Driver/Src/stm32f4xx_hal_tim.o
                0x08002230                HAL_TIM_IRQHandler
 .text.HAL_TIM_OC_DelayElapsedCallback
                0x08002410       0x14 ./Drivers/STM32F4xx_HAL_Driver/Src/stm32f4xx_hal_tim.o
                0x08002410                HAL_TIM_OC_DelayElapsedCallback
 .text.HAL_TIM_IC_CaptureCallback
                0x08002424       0x14 ./Drivers/STM32F4xx_HAL_Driver/Src/stm32f4xx_hal_tim.o
                0x08002424                HAL_TIM_IC_CaptureCallback
 .text.HAL_TIM_PWM_PulseFinishedCallback
                0x08002438       0x14 ./Drivers/STM32F4xx_HAL_Driver/Src/stm32f4xx_hal_tim.o
                0x08002438                HAL_TIM_PWM_PulseFinishedCallback
 .text.HAL_TIM_TriggerCallback
                0x0800244c       0x14 ./Drivers/STM32F4xx_HAL_Driver/Src/stm32f4xx_hal_tim.o
                0x0800244c                HAL_TIM_TriggerCallback
 .text.TIM_Base_SetConfig
                0x08002460      0x158 ./Drivers/STM32F4xx_HAL_Driver/Src/stm32f4xx_hal_tim.o
                0x08002460                TIM_Base_SetConfig
 .text.HAL_TIMEx_CommutCallback
                0x080025b8       0x14 ./Drivers/STM32F4xx_HAL_Driver/Src/stm32f4xx_hal_tim_ex.o
                0x080025b8                HAL_TIMEx_CommutCallback
 .text.HAL_TIMEx_BreakCallback
                0x080025cc       0x14 ./Drivers/STM32F4xx_HAL_Driver/Src/stm32f4xx_hal_tim_ex.o
                0x080025cc                HAL_TIMEx_BreakCallback
 .text.HAL_UART_Init
                0x080025e0       0xa0 ./Drivers/STM32F4xx_HAL_Driver/Src/stm32f4xx_hal_uart.o
                0x080025e0                HAL_UART_Init
 .text.HAL_UART_Transmit
                0x08002680      0x116 ./Drivers/STM32F4xx_HAL_Driver/Src/stm32f4xx_hal_uart.o
                0x08002680                HAL_UART_Transmit
 .text.UART_WaitOnFlagUntilTimeout
                0x08002796       0xb2 ./Drivers/STM32F4xx_HAL_Driver/Src/stm32f4xx_hal_uart.o
 .text.UART_EndRxTransfer
                0x08002848       0xc6 ./Drivers/STM32F4xx_HAL_Driver/Src/stm32f4xx_hal_uart.o
 *fill*         0x0800290e        0x2 
 .text.UART_SetConfig
                0x08002910      0x4e8 ./Drivers/STM32F4xx_HAL_Driver/Src/stm32f4xx_hal_uart.o
 .text.vListInitialise
                0x08002df8       0x40 ./ThirdParty/list.o
                0x08002df8                vListInitialise
 .text.vListInitialiseItem
                0x08002e38       0x1a ./ThirdParty/list.o
                0x08002e38                vListInitialiseItem
 .text.vListInsertEnd
                0x08002e52       0x48 ./ThirdParty/list.o
                0x08002e52                vListInsertEnd
 .text.vListInsert
                0x08002e9a       0x72 ./ThirdParty/list.o
                0x08002e9a                vListInsert
 .text.uxListRemove
                0x08002f0c       0x54 ./ThirdParty/list.o
                0x08002f0c                uxListRemove
 .text.xTaskCreate
                0x08002f60       0x82 ./ThirdParty/tasks.o
                0x08002f60                xTaskCreate
 *fill*         0x08002fe2        0x2 
 .text.prvInitialiseNewTask
                0x08002fe4      0x14c ./ThirdParty/tasks.o
 .text.prvAddNewTaskToReadyList
                0x08003130       0xd4 ./ThirdParty/tasks.o
 .text.xTaskDelayUntil
                0x08003204      0x104 ./ThirdParty/tasks.o
                0x08003204                xTaskDelayUntil
 .text.vTaskDelay
                0x08003308       0x6c ./ThirdParty/tasks.o
                0x08003308                vTaskDelay
 .text.vTaskStartScheduler
                0x08003374       0xac ./ThirdParty/tasks.o
                0x08003374                vTaskStartScheduler
 .text.vTaskSuspendAll
                0x08003420       0x1c ./ThirdParty/tasks.o
                0x08003420                vTaskSuspendAll
 .text.xTaskResumeAll
                0x0800343c      0x13c ./ThirdParty/tasks.o
                0x0800343c                xTaskResumeAll
 .text.xTaskGetTickCount
                0x08003578       0x20 ./ThirdParty/tasks.o
                0x08003578                xTaskGetTickCount
 .text.xTaskIncrementTick
                0x08003598      0x174 ./ThirdParty/tasks.o
                0x08003598                xTaskIncrementTick
 .text.vTaskSwitchContext
                0x0800370c       0xc8 ./ThirdParty/tasks.o
                0x0800370c                vTaskSwitchContext
 .text.prvIdleTask
                0x080037d4       0x30 ./ThirdParty/tasks.o
 .text.prvInitialiseTaskLists
                0x08003804       0x80 ./ThirdParty/tasks.o
 .text.prvCheckTasksWaitingTermination
                0x08003884       0x5c ./ThirdParty/tasks.o
 .text.prvDeleteTCB
                0x080038e0       0x2a ./ThirdParty/tasks.o
 *fill*         0x0800390a        0x2 
 .text.prvResetNextTaskUnblockTime
                0x0800390c       0x38 ./ThirdParty/tasks.o
 .text.prvAddCurrentTaskToDelayedList
                0x08003944       0xcc ./ThirdParty/tasks.o
 .text.pxPortInitialiseStack
                0x08003a10       0x68 ./ThirdParty/portable/GCC/ARM_CM4F/port.o
                0x08003a10                pxPortInitialiseStack
 .text.prvTaskExitError
                0x08003a78       0x5c ./ThirdParty/portable/GCC/ARM_CM4F/port.o
 *fill*         0x08003ad4        0xc 
 .text.SVC_Handler
                0x08003ae0       0x28 ./ThirdParty/portable/GCC/ARM_CM4F/port.o
                0x08003ae0                SVC_Handler
 .text.prvPortStartFirstTask
                0x08003b08       0x2c ./ThirdParty/portable/GCC/ARM_CM4F/port.o
 .text.xPortStartScheduler
                0x08003b34      0x148 ./ThirdParty/portable/GCC/ARM_CM4F/port.o
                0x08003b34                xPortStartScheduler
 .text.vPortEnterCritical
                0x08003c7c       0x64 ./ThirdParty/portable/GCC/ARM_CM4F/port.o
                0x08003c7c                vPortEnterCritical
 .text.vPortExitCritical
                0x08003ce0       0x54 ./ThirdParty/portable/GCC/ARM_CM4F/port.o
                0x08003ce0                vPortExitCritical
 *fill*         0x08003d34        0xc 
 .text.PendSV_Handler
                0x08003d40       0x68 ./ThirdParty/portable/GCC/ARM_CM4F/port.o
                0x08003d40                PendSV_Handler
 .text.SysTick_Handler
                0x08003da8       0x44 ./ThirdParty/portable/GCC/ARM_CM4F/port.o
                0x08003da8                SysTick_Handler
 .text.vPortSetupTimerInterrupt
                0x08003dec       0x48 ./ThirdParty/portable/GCC/ARM_CM4F/port.o
                0x08003dec                vPortSetupTimerInterrupt
 .text.vPortEnableVFP
                0x08003e34       0x18 ./ThirdParty/portable/GCC/ARM_CM4F/port.o
 .text.pvPortMalloc
                0x08003e4c      0x19c ./ThirdParty/portable/MemMang/heap_4.o
                0x08003e4c                pvPortMalloc
 .text.vPortFree
                0x08003fe8       0xc8 ./ThirdParty/portable/MemMang/heap_4.o
                0x08003fe8                vPortFree
 .text.prvHeapInit
                0x080040b0       0xc4 ./ThirdParty/portable/MemMang/heap_4.o
 .text.prvInsertBlockIntoFreeList
                0x08004174       0xb4 ./ThirdParty/portable/MemMang/heap_4.o
 .text.memset   0x08004228       0x10 /opt/st/stm32cubeide_1.15.1_2/plugins/com.st.stm32cube.ide.mcu.externaltools.gnu-tools-for-stm32.12.3.rel1.linux64_1.0.100.202403111256/tools/bin/../lib/gcc/arm-none-eabi/12.3.1/../../../../arm-none-eabi/lib/thumb/v7e-m+fp/hard/libc_nano.a(libc_a-memset.o)
                0x08004228                memset
 .text._reclaim_reent
                0x08004238       0xac /opt/st/stm32cubeide_1.15.1_2/plugins/com.st.stm32cube.ide.mcu.externaltools.gnu-tools-for-stm32.12.3.rel1.linux64_1.0.100.202403111256/tools/bin/../lib/gcc/arm-none-eabi/12.3.1/../../../../arm-none-eabi/lib/thumb/v7e-m+fp/hard/libc_nano.a(libc_a-reent.o)
                0x08004238                _reclaim_reent
 .text.__libc_init_array
                0x080042e4       0x48 /opt/st/stm32cubeide_1.15.1_2/plugins/com.st.stm32cube.ide.mcu.externaltools.gnu-tools-for-stm32.12.3.rel1.linux64_1.0.100.202403111256/tools/bin/../lib/gcc/arm-none-eabi/12.3.1/../../../../arm-none-eabi/lib/thumb/v7e-m+fp/hard/libc_nano.a(libc_a-init.o)
                0x080042e4                __libc_init_array
 .text.__retarget_lock_acquire_recursive
                0x0800432c        0x2 /opt/st/stm32cubeide_1.15.1_2/plugins/com.st.stm32cube.ide.mcu.externaltools.gnu-tools-for-stm32.12.3.rel1.linux64_1.0.100.202403111256/tools/bin/../lib/gcc/arm-none-eabi/12.3.1/../../../../arm-none-eabi/lib/thumb/v7e-m+fp/hard/libc_nano.a(libc_a-lock.o)
                0x0800432c                __retarget_lock_acquire_recursive
 .text.__retarget_lock_release_recursive
                0x0800432e        0x2 /opt/st/stm32cubeide_1.15.1_2/plugins/com.st.stm32cube.ide.mcu.externaltools.gnu-tools-for-stm32.12.3.rel1.linux64_1.0.100.202403111256/tools/bin/../lib/gcc/arm-none-eabi/12.3.1/../../../../arm-none-eabi/lib/thumb/v7e-m+fp/hard/libc_nano.a(libc_a-lock.o)
                0x0800432e                __retarget_lock_release_recursive
 .text._free_r  0x08004330       0x94 /opt/st/stm32cubeide_1.15.1_2/plugins/com.st.stm32cube.ide.mcu.externaltools.gnu-tools-for-stm32.12.3.rel1.linux64_1.0.100.202403111256/tools/bin/../lib/gcc/arm-none-eabi/12.3.1/../../../../arm-none-eabi/lib/thumb/v7e-m+fp/hard/libc_nano.a(libc_a-freer.o)
                0x08004330                _free_r
 .text.__malloc_lock
                0x080043c4        0xc /opt/st/stm32cubeide_1.15.1_2/plugins/com.st.stm32cube.ide.mcu.externaltools.gnu-tools-for-stm32.12.3.rel1.linux64_1.0.100.202403111256/tools/bin/../lib/gcc/arm-none-eabi/12.3.1/../../../../arm-none-eabi/lib/thumb/v7e-m+fp/hard/libc_nano.a(libc_a-mlock.o)
                0x080043c4                __malloc_lock
 .text.__malloc_unlock
                0x080043d0        0xc /opt/st/stm32cubeide_1.15.1_2/plugins/com.st.stm32cube.ide.mcu.externaltools.gnu-tools-for-stm32.12.3.rel1.linux64_1.0.100.202403111256/tools/bin/../lib/gcc/arm-none-eabi/12.3.1/../../../../arm-none-eabi/lib/thumb/v7e-m+fp/hard/libc_nano.a(libc_a-mlock.o)
                0x080043d0                __malloc_unlock
 *(.glue_7)
 .glue_7        0x080043dc        0x0 linker stubs
 *(.glue_7t)
 .glue_7t       0x080043dc        0x0 linker stubs
 *(.eh_frame)
 .eh_frame      0x080043dc        0x0 /opt/st/stm32cubeide_1.15.1_2/plugins/com.st.stm32cube.ide.mcu.externaltools.gnu-tools-for-stm32.12.3.rel1.linux64_1.0.100.202403111256/tools/bin/../lib/gcc/arm-none-eabi/12.3.1/thumb/v7e-m+fp/hard/crtbegin.o
 *(.init)
 .init          0x080043dc        0x4 /opt/st/stm32cubeide_1.15.1_2/plugins/com.st.stm32cube.ide.mcu.externaltools.gnu-tools-for-stm32.12.3.rel1.linux64_1.0.100.202403111256/tools/bin/../lib/gcc/arm-none-eabi/12.3.1/thumb/v7e-m+fp/hard/crti.o
                0x080043dc                _init
 .init          0x080043e0        0x8 /opt/st/stm32cubeide_1.15.1_2/plugins/com.st.stm32cube.ide.mcu.externaltools.gnu-tools-for-stm32.12.3.rel1.linux64_1.0.100.202403111256/tools/bin/../lib/gcc/arm-none-eabi/12.3.1/thumb/v7e-m+fp/hard/crtn.o
 *(.fini)
 .fini          0x080043e8        0x4 /opt/st/stm32cubeide_1.15.1_2/plugins/com.st.stm32cube.ide.mcu.externaltools.gnu-tools-for-stm32.12.3.rel1.linux64_1.0.100.202403111256/tools/bin/../lib/gcc/arm-none-eabi/12.3.1/thumb/v7e-m+fp/hard/crti.o
                0x080043e8                _fini
 .fini          0x080043ec        0x8 /opt/st/stm32cubeide_1.15.1_2/plugins/com.st.stm32cube.ide.mcu.externaltools.gnu-tools-for-stm32.12.3.rel1.linux64_1.0.100.202403111256/tools/bin/../lib/gcc/arm-none-eabi/12.3.1/thumb/v7e-m+fp/hard/crtn.o
                0x080043f4                        . = ALIGN (0x4)
                0x080043f4                        _etext = .

.vfp11_veneer   0x080043f4        0x0
 .vfp11_veneer  0x080043f4        0x0 linker stubs

.v4_bx          0x080043f4        0x0
 .v4_bx         0x080043f4        0x0 linker stubs

.iplt           0x080043f4        0x0
 .iplt          0x080043f4        0x0 /opt/st/stm32cubeide_1.15.1_2/plugins/com.st.stm32cube.ide.mcu.externaltools.gnu-tools-for-stm32.12.3.rel1.linux64_1.0.100.202403111256/tools/bin/../lib/gcc/arm-none-eabi/12.3.1/thumb/v7e-m+fp/hard/crtbegin.o

.rodata         0x080043f4       0x40
                0x080043f4                        . = ALIGN (0x4)
 *(.rodata)
 .rodata        0x080043f4       0x16 ./Core/Src/main.o
 *fill*         0x0800440a        0x2 
 .rodata        0x0800440c        0x5 ./ThirdParty/tasks.o
 *(.rodata*)
 *fill*         0x08004411        0x3 
 .rodata.AHBPrescTable
                0x08004414       0x10 ./Core/Src/system_stm32f4xx.o
                0x08004414                AHBPrescTable
 .rodata.APBPrescTable
                0x08004424        0x8 ./Core/Src/system_stm32f4xx.o
                0x08004424                APBPrescTable
 .rodata.flagBitshiftOffset.0
                0x0800442c        0x8 ./Drivers/STM32F4xx_HAL_Driver/Src/stm32f4xx_hal_dma.o
                0x08004434                        . = ALIGN (0x4)

.ARM.extab      0x08004434        0x0
                0x08004434                        . = ALIGN (0x4)
 *(.ARM.extab* .gnu.linkonce.armextab.*)
                0x08004434                        . = ALIGN (0x4)

.ARM            0x08004434        0x8
                0x08004434                        . = ALIGN (0x4)
                0x08004434                        __exidx_start = .
 *(.ARM.exidx*)
 .ARM.exidx     0x08004434        0x8 /opt/st/stm32cubeide_1.15.1_2/plugins/com.st.stm32cube.ide.mcu.externaltools.gnu-tools-for-stm32.12.3.rel1.linux64_1.0.100.202403111256/tools/bin/../lib/gcc/arm-none-eabi/12.3.1/../../../../arm-none-eabi/lib/thumb/v7e-m+fp/hard/libc_nano.a(libc_a-strlen.o)
 .ARM.exidx     0x0800443c        0x0 /opt/st/stm32cubeide_1.15.1_2/plugins/com.st.stm32cube.ide.mcu.externaltools.gnu-tools-for-stm32.12.3.rel1.linux64_1.0.100.202403111256/tools/bin/../lib/gcc/arm-none-eabi/12.3.1/thumb/v7e-m+fp/hard/libgcc.a(_udivmoddi4.o)
                                  0x8 (size before relaxing)
                0x0800443c                        __exidx_end = .
                0x0800443c                        . = ALIGN (0x4)

.preinit_array  0x0800443c        0x0
                0x0800443c                        . = ALIGN (0x4)
                0x0800443c                        PROVIDE (__preinit_array_start = .)
 *(.preinit_array*)
                0x0800443c                        PROVIDE (__preinit_array_end = .)
                0x0800443c                        . = ALIGN (0x4)

.init_array     0x0800443c        0x4
                0x0800443c                        . = ALIGN (0x4)
                0x0800443c                        PROVIDE (__init_array_start = .)
 *(SORT_BY_NAME(.init_array.*))
 *(.init_array*)
 .init_array    0x0800443c        0x4 /opt/st/stm32cubeide_1.15.1_2/plugins/com.st.stm32cube.ide.mcu.externaltools.gnu-tools-for-stm32.12.3.rel1.linux64_1.0.100.202403111256/tools/bin/../lib/gcc/arm-none-eabi/12.3.1/thumb/v7e-m+fp/hard/crtbegin.o
                0x08004440                        PROVIDE (__init_array_end = .)
                0x08004440                        . = ALIGN (0x4)

.fini_array     0x08004440        0x4
                0x08004440                        . = ALIGN (0x4)
                [!provide]                        PROVIDE (__fini_array_start = .)
 *(SORT_BY_NAME(.fini_array.*))
 *(.fini_array*)
 .fini_array    0x08004440        0x4 /opt/st/stm32cubeide_1.15.1_2/plugins/com.st.stm32cube.ide.mcu.externaltools.gnu-tools-for-stm32.12.3.rel1.linux64_1.0.100.202403111256/tools/bin/../lib/gcc/arm-none-eabi/12.3.1/thumb/v7e-m+fp/hard/crtbegin.o
                [!provide]                        PROVIDE (__fini_array_end = .)
                0x08004444                        . = ALIGN (0x4)
                0x08004444                        _sidata = LOADADDR (.data)

.rel.dyn        0x08004444        0x0
 .rel.iplt      0x08004444        0x0 /opt/st/stm32cubeide_1.15.1_2/plugins/com.st.stm32cube.ide.mcu.externaltools.gnu-tools-for-stm32.12.3.rel1.linux64_1.0.100.202403111256/tools/bin/../lib/gcc/arm-none-eabi/12.3.1/thumb/v7e-m+fp/hard/crtbegin.o

.data           0x20000000       0x84 load address 0x08004444
                0x20000000                        . = ALIGN (0x4)
                0x20000000                        _sdata = .
 *(.data)
 *(.data*)
 .data.txData   0x20000000       0x1e ./Core/Src/main.o
                0x20000000                txData
 *fill*         0x2000001e        0x2 
 .data.SystemCoreClock
                0x20000020        0x4 ./Core/Src/system_stm32f4xx.o
                0x20000020                SystemCoreClock
 .data.uwTickPrio
                0x20000024        0x4 ./Drivers/STM32F4xx_HAL_Driver/Src/stm32f4xx_hal.o
                0x20000024                uwTickPrio
 .data.uwTickFreq
                0x20000028        0x1 ./Drivers/STM32F4xx_HAL_Driver/Src/stm32f4xx_hal.o
                0x20000028                uwTickFreq
 *fill*         0x20000029        0x3 
 .data.uxTopUsedPriority
                0x2000002c        0x4 ./ThirdParty/tasks.o
                0x2000002c                uxTopUsedPriority
 .data.uxCriticalNesting
                0x20000030        0x4 ./ThirdParty/portable/GCC/ARM_CM4F/port.o
 .data._impure_ptr
                0x20000034        0x4 /opt/st/stm32cubeide_1.15.1_2/plugins/com.st.stm32cube.ide.mcu.externaltools.gnu-tools-for-stm32.12.3.rel1.linux64_1.0.100.202403111256/tools/bin/../lib/gcc/arm-none-eabi/12.3.1/../../../../arm-none-eabi/lib/thumb/v7e-m+fp/hard/libc_nano.a(libc_a-impure.o)
                0x20000034                _impure_ptr
 .data._impure_data
                0x20000038       0x4c /opt/st/stm32cubeide_1.15.1_2/plugins/com.st.stm32cube.ide.mcu.externaltools.gnu-tools-for-stm32.12.3.rel1.linux64_1.0.100.202403111256/tools/bin/../lib/gcc/arm-none-eabi/12.3.1/../../../../arm-none-eabi/lib/thumb/v7e-m+fp/hard/libc_nano.a(libc_a-impure.o)
                0x20000038                _impure_data
 *(.RamFunc)
 *(.RamFunc*)
                0x20000084                        . = ALIGN (0x4)
                0x20000084                        _edata = .
                0x080044c8                        _siccmram = LOADADDR (.ccmram)

.igot.plt       0x20000084        0x0 load address 0x080044c8
 .igot.plt      0x20000084        0x0 /opt/st/stm32cubeide_1.15.1_2/plugins/com.st.stm32cube.ide.mcu.externaltools.gnu-tools-for-stm32.12.3.rel1.linux64_1.0.100.202403111256/tools/bin/../lib/gcc/arm-none-eabi/12.3.1/thumb/v7e-m+fp/hard/crtbegin.o

.ccmram         0x10000000        0x0 load address 0x080044c8
                0x10000000                        . = ALIGN (0x4)
                0x10000000                        _sccmram = .
 *(.ccmram)
 *(.ccmram*)
                0x10000000                        . = ALIGN (0x4)
                0x10000000                        _eccmram = .
                0x10000000                        . = ALIGN (0x4)

.bss            0x20000084     0x3fa4
                0x20000084                        _sbss = .
                0x20000084                        __bss_start__ = _sbss
 *(.bss)
 .bss           0x20000084       0x1c /opt/st/stm32cubeide_1.15.1_2/plugins/com.st.stm32cube.ide.mcu.externaltools.gnu-tools-for-stm32.12.3.rel1.linux64_1.0.100.202403111256/tools/bin/../lib/gcc/arm-none-eabi/12.3.1/thumb/v7e-m+fp/hard/crtbegin.o
 *(.bss*)
 .bss.huart2    0x200000a0       0x48 ./Core/Src/main.o
                0x200000a0                huart2
 .bss.hdma_usart2_rx
                0x200000e8       0x60 ./Core/Src/main.o
                0x200000e8                hdma_usart2_rx
 .bss.htim1     0x20000148       0x48 ./Core/Src/stm32f4xx_hal_timebase_tim.o
                0x20000148                htim1
 .bss.uwTick    0x20000190        0x4 ./Drivers/STM32F4xx_HAL_Driver/Src/stm32f4xx_hal.o
                0x20000190                uwTick
 .bss.pxCurrentTCB
                0x20000194        0x4 ./ThirdParty/tasks.o
                0x20000194                pxCurrentTCB
 .bss.pxReadyTasksLists
                0x20000198       0x8c ./ThirdParty/tasks.o
 .bss.xDelayedTaskList1
                0x20000224       0x14 ./ThirdParty/tasks.o
 .bss.xDelayedTaskList2
                0x20000238       0x14 ./ThirdParty/tasks.o
 .bss.pxDelayedTaskList
                0x2000024c        0x4 ./ThirdParty/tasks.o
 .bss.pxOverflowDelayedTaskList
                0x20000250        0x4 ./ThirdParty/tasks.o
 .bss.xPendingReadyList
                0x20000254       0x14 ./ThirdParty/tasks.o
 .bss.xTasksWaitingTermination
                0x20000268       0x14 ./ThirdParty/tasks.o
 .bss.uxDeletedTasksWaitingCleanUp
                0x2000027c        0x4 ./ThirdParty/tasks.o
 .bss.xSuspendedTaskList
                0x20000280       0x14 ./ThirdParty/tasks.o
 .bss.uxCurrentNumberOfTasks
                0x20000294        0x4 ./ThirdParty/tasks.o
 .bss.xTickCount
                0x20000298        0x4 ./ThirdParty/tasks.o
 .bss.uxTopReadyPriority
                0x2000029c        0x4 ./ThirdParty/tasks.o
 .bss.xSchedulerRunning
                0x200002a0        0x4 ./ThirdParty/tasks.o
 .bss.xPendedTicks
                0x200002a4        0x4 ./ThirdParty/tasks.o
 .bss.xYieldPending
                0x200002a8        0x4 ./ThirdParty/tasks.o
 .bss.xNumOfOverflows
                0x200002ac        0x4 ./ThirdParty/tasks.o
 .bss.uxTaskNumber
                0x200002b0        0x4 ./ThirdParty/tasks.o
 .bss.xNextTaskUnblockTime
                0x200002b4        0x4 ./ThirdParty/tasks.o
 .bss.xIdleTaskHandle
                0x200002b8        0x4 ./ThirdParty/tasks.o
 .bss.uxSchedulerSuspended
                0x200002bc        0x4 ./ThirdParty/tasks.o
 .bss.ucMaxSysCallPriority
                0x200002c0        0x1 ./ThirdParty/portable/GCC/ARM_CM4F/port.o
 *fill*         0x200002c1        0x3 
 .bss.ulMaxPRIGROUPValue
                0x200002c4        0x4 ./ThirdParty/portable/GCC/ARM_CM4F/port.o
 .bss.ucHeap    0x200002c8     0x3c00 ./ThirdParty/portable/MemMang/heap_4.o
 .bss.xStart    0x20003ec8        0x8 ./ThirdParty/portable/MemMang/heap_4.o
 .bss.pxEnd     0x20003ed0        0x4 ./ThirdParty/portable/MemMang/heap_4.o
 .bss.xFreeBytesRemaining
                0x20003ed4        0x4 ./ThirdParty/portable/MemMang/heap_4.o
 .bss.xMinimumEverFreeBytesRemaining
                0x20003ed8        0x4 ./ThirdParty/portable/MemMang/heap_4.o
 .bss.xNumberOfSuccessfulAllocations
                0x20003edc        0x4 ./ThirdParty/portable/MemMang/heap_4.o
 .bss.xNumberOfSuccessfulFrees
                0x20003ee0        0x4 ./ThirdParty/portable/MemMang/heap_4.o
 .bss.xBlockAllocatedBit
                0x20003ee4        0x4 ./ThirdParty/portable/MemMang/heap_4.o
 .bss.__sf      0x20003ee8      0x138 /opt/st/stm32cubeide_1.15.1_2/plugins/com.st.stm32cube.ide.mcu.externaltools.gnu-tools-for-stm32.12.3.rel1.linux64_1.0.100.202403111256/tools/bin/../lib/gcc/arm-none-eabi/12.3.1/../../../../arm-none-eabi/lib/thumb/v7e-m+fp/hard/libc_nano.a(libc_a-findfp.o)
                0x20003ee8                __sf
 .bss.__lock___malloc_recursive_mutex
                0x20004020        0x1 /opt/st/stm32cubeide_1.15.1_2/plugins/com.st.stm32cube.ide.mcu.externaltools.gnu-tools-for-stm32.12.3.rel1.linux64_1.0.100.202403111256/tools/bin/../lib/gcc/arm-none-eabi/12.3.1/../../../../arm-none-eabi/lib/thumb/v7e-m+fp/hard/libc_nano.a(libc_a-lock.o)
                0x20004020                __lock___malloc_recursive_mutex
 *fill*         0x20004021        0x3 
 .bss.__malloc_free_list
                0x20004024        0x4 /opt/st/stm32cubeide_1.15.1_2/plugins/com.st.stm32cube.ide.mcu.externaltools.gnu-tools-for-stm32.12.3.rel1.linux64_1.0.100.202403111256/tools/bin/../lib/gcc/arm-none-eabi/12.3.1/../../../../arm-none-eabi/lib/thumb/v7e-m+fp/hard/libc_nano.a(libc_a-mallocr.o)
                0x20004024                __malloc_free_list
 *(COMMON)
                0x20004028                        . = ALIGN (0x4)
                0x20004028                        _ebss = .
                0x20004028                        __bss_end__ = _ebss

._user_heap_stack
                0x20004028      0x600
                0x20004028                        . = ALIGN (0x8)
                [!provide]                        PROVIDE (end = .)
                0x20004028                        PROVIDE (_end = .)
                0x20004228                        . = (. + _Min_Heap_Size)
 *fill*         0x20004028      0x200 
                0x20004628                        . = (. + _Min_Stack_Size)
 *fill*         0x20004228      0x400 
                0x20004628                        . = ALIGN (0x8)

/DISCARD/
 libc.a(*)
 libm.a(*)
 libgcc.a(*)

.ARM.attributes
                0x00000000       0x30
 *(.ARM.attributes)
 .ARM.attributes
                0x00000000       0x22 /opt/st/stm32cubeide_1.15.1_2/plugins/com.st.stm32cube.ide.mcu.externaltools.gnu-tools-for-stm32.12.3.rel1.linux64_1.0.100.202403111256/tools/bin/../lib/gcc/arm-none-eabi/12.3.1/thumb/v7e-m+fp/hard/crti.o
 .ARM.attributes
                0x00000022       0x34 /opt/st/stm32cubeide_1.15.1_2/plugins/com.st.stm32cube.ide.mcu.externaltools.gnu-tools-for-stm32.12.3.rel1.linux64_1.0.100.202403111256/tools/bin/../lib/gcc/arm-none-eabi/12.3.1/thumb/v7e-m+fp/hard/crtbegin.o
 .ARM.attributes
                0x00000056       0x34 ./Core/Src/main.o
 .ARM.attributes
                0x0000008a       0x34 ./Core/Src/stm32f4xx_hal_msp.o
 .ARM.attributes
                0x000000be       0x34 ./Core/Src/stm32f4xx_hal_timebase_tim.o
 .ARM.attributes
                0x000000f2       0x34 ./Core/Src/stm32f4xx_it.o
 .ARM.attributes
                0x00000126       0x34 ./Core/Src/system_stm32f4xx.o
 .ARM.attributes
                0x0000015a       0x21 ./Core/Startup/startup_stm32f407vgtx.o
 .ARM.attributes
                0x0000017b       0x34 ./Drivers/STM32F4xx_HAL_Driver/Src/stm32f4xx_hal.o
 .ARM.attributes
                0x000001af       0x34 ./Drivers/STM32F4xx_HAL_Driver/Src/stm32f4xx_hal_cortex.o
 .ARM.attributes
                0x000001e3       0x34 ./Drivers/STM32F4xx_HAL_Driver/Src/stm32f4xx_hal_dma.o
 .ARM.attributes
                0x00000217       0x34 ./Drivers/STM32F4xx_HAL_Driver/Src/stm32f4xx_hal_gpio.o
 .ARM.attributes
                0x0000024b       0x34 ./Drivers/STM32F4xx_HAL_Driver/Src/stm32f4xx_hal_rcc.o
 .ARM.attributes
                0x0000027f       0x34 ./Drivers/STM32F4xx_HAL_Driver/Src/stm32f4xx_hal_tim.o
 .ARM.attributes
                0x000002b3       0x34 ./Drivers/STM32F4xx_HAL_Driver/Src/stm32f4xx_hal_tim_ex.o
 .ARM.attributes
                0x000002e7       0x34 ./Drivers/STM32F4xx_HAL_Driver/Src/stm32f4xx_hal_uart.o
 .ARM.attributes
                0x0000031b       0x34 ./ThirdParty/list.o
 .ARM.attributes
                0x0000034f       0x34 ./ThirdParty/tasks.o
 .ARM.attributes
                0x00000383       0x34 ./ThirdParty/portable/GCC/ARM_CM4F/port.o
 .ARM.attributes
                0x000003b7       0x34 ./ThirdParty/portable/MemMang/heap_4.o
 .ARM.attributes
                0x000003eb       0x34 /opt/st/stm32cubeide_1.15.1_2/plugins/com.st.stm32cube.ide.mcu.externaltools.gnu-tools-for-stm32.12.3.rel1.linux64_1.0.100.202403111256/tools/bin/../lib/gcc/arm-none-eabi/12.3.1/../../../../arm-none-eabi/lib/thumb/v7e-m+fp/hard/libc_nano.a(libc_a-findfp.o)
 .ARM.attributes
                0x0000041f       0x34 /opt/st/stm32cubeide_1.15.1_2/plugins/com.st.stm32cube.ide.mcu.externaltools.gnu-tools-for-stm32.12.3.rel1.linux64_1.0.100.202403111256/tools/bin/../lib/gcc/arm-none-eabi/12.3.1/../../../../arm-none-eabi/lib/thumb/v7e-m+fp/hard/libc_nano.a(libc_a-memset.o)
 .ARM.attributes
                0x00000453       0x34 /opt/st/stm32cubeide_1.15.1_2/plugins/com.st.stm32cube.ide.mcu.externaltools.gnu-tools-for-stm32.12.3.rel1.linux64_1.0.100.202403111256/tools/bin/../lib/gcc/arm-none-eabi/12.3.1/../../../../arm-none-eabi/lib/thumb/v7e-m+fp/hard/libc_nano.a(libc_a-reent.o)
 .ARM.attributes
                0x00000487       0x34 /opt/st/stm32cubeide_1.15.1_2/plugins/com.st.stm32cube.ide.mcu.externaltools.gnu-tools-for-stm32.12.3.rel1.linux64_1.0.100.202403111256/tools/bin/../lib/gcc/arm-none-eabi/12.3.1/../../../../arm-none-eabi/lib/thumb/v7e-m+fp/hard/libc_nano.a(libc_a-impure.o)
 .ARM.attributes
                0x000004bb       0x34 /opt/st/stm32cubeide_1.15.1_2/plugins/com.st.stm32cube.ide.mcu.externaltools.gnu-tools-for-stm32.12.3.rel1.linux64_1.0.100.202403111256/tools/bin/../lib/gcc/arm-none-eabi/12.3.1/../../../../arm-none-eabi/lib/thumb/v7e-m+fp/hard/libc_nano.a(libc_a-init.o)
 .ARM.attributes
                0x000004ef       0x34 /opt/st/stm32cubeide_1.15.1_2/plugins/com.st.stm32cube.ide.mcu.externaltools.gnu-tools-for-stm32.12.3.rel1.linux64_1.0.100.202403111256/tools/bin/../lib/gcc/arm-none-eabi/12.3.1/../../../../arm-none-eabi/lib/thumb/v7e-m+fp/hard/libc_nano.a(libc_a-lock.o)
 .ARM.attributes
                0x00000523       0x17 /opt/st/stm32cubeide_1.15.1_2/plugins/com.st.stm32cube.ide.mcu.externaltools.gnu-tools-for-stm32.12.3.rel1.linux64_1.0.100.202403111256/tools/bin/../lib/gcc/arm-none-eabi/12.3.1/../../../../arm-none-eabi/lib/thumb/v7e-m+fp/hard/libc_nano.a(libc_a-strlen.o)
 .ARM.attributes
                0x0000053a       0x34 /opt/st/stm32cubeide_1.15.1_2/plugins/com.st.stm32cube.ide.mcu.externaltools.gnu-tools-for-stm32.12.3.rel1.linux64_1.0.100.202403111256/tools/bin/../lib/gcc/arm-none-eabi/12.3.1/../../../../arm-none-eabi/lib/thumb/v7e-m+fp/hard/libc_nano.a(libc_a-freer.o)
 .ARM.attributes
                0x0000056e       0x34 /opt/st/stm32cubeide_1.15.1_2/plugins/com.st.stm32cube.ide.mcu.externaltools.gnu-tools-for-stm32.12.3.rel1.linux64_1.0.100.202403111256/tools/bin/../lib/gcc/arm-none-eabi/12.3.1/../../../../arm-none-eabi/lib/thumb/v7e-m+fp/hard/libc_nano.a(libc_a-mallocr.o)
 .ARM.attributes
                0x000005a2       0x34 /opt/st/stm32cubeide_1.15.1_2/plugins/com.st.stm32cube.ide.mcu.externaltools.gnu-tools-for-stm32.12.3.rel1.linux64_1.0.100.202403111256/tools/bin/../lib/gcc/arm-none-eabi/12.3.1/../../../../arm-none-eabi/lib/thumb/v7e-m+fp/hard/libc_nano.a(libc_a-mlock.o)
 .ARM.attributes
                0x000005d6       0x22 /opt/st/stm32cubeide_1.15.1_2/plugins/com.st.stm32cube.ide.mcu.externaltools.gnu-tools-for-stm32.12.3.rel1.linux64_1.0.100.202403111256/tools/bin/../lib/gcc/arm-none-eabi/12.3.1/thumb/v7e-m+fp/hard/libgcc.a(_aeabi_uldivmod.o)
 .ARM.attributes
                0x000005f8       0x34 /opt/st/stm32cubeide_1.15.1_2/plugins/com.st.stm32cube.ide.mcu.externaltools.gnu-tools-for-stm32.12.3.rel1.linux64_1.0.100.202403111256/tools/bin/../lib/gcc/arm-none-eabi/12.3.1/thumb/v7e-m+fp/hard/libgcc.a(_udivmoddi4.o)
 .ARM.attributes
                0x0000062c       0x22 /opt/st/stm32cubeide_1.15.1_2/plugins/com.st.stm32cube.ide.mcu.externaltools.gnu-tools-for-stm32.12.3.rel1.linux64_1.0.100.202403111256/tools/bin/../lib/gcc/arm-none-eabi/12.3.1/thumb/v7e-m+fp/hard/libgcc.a(_dvmd_tls.o)
 .ARM.attributes
                0x0000064e       0x22 /opt/st/stm32cubeide_1.15.1_2/plugins/com.st.stm32cube.ide.mcu.externaltools.gnu-tools-for-stm32.12.3.rel1.linux64_1.0.100.202403111256/tools/bin/../lib/gcc/arm-none-eabi/12.3.1/thumb/v7e-m+fp/hard/crtn.o
OUTPUT(RTOS_2.elf elf32-littlearm)
LOAD linker stubs
LOAD /opt/st/stm32cubeide_1.15.1_2/plugins/com.st.stm32cube.ide.mcu.externaltools.gnu-tools-for-stm32.12.3.rel1.linux64_1.0.100.202403111256/tools/bin/../lib/gcc/arm-none-eabi/12.3.1/../../../../arm-none-eabi/lib/thumb/v7e-m+fp/hard/libc.a
LOAD /opt/st/stm32cubeide_1.15.1_2/plugins/com.st.stm32cube.ide.mcu.externaltools.gnu-tools-for-stm32.12.3.rel1.linux64_1.0.100.202403111256/tools/bin/../lib/gcc/arm-none-eabi/12.3.1/../../../../arm-none-eabi/lib/thumb/v7e-m+fp/hard/libm.a
LOAD /opt/st/stm32cubeide_1.15.1_2/plugins/com.st.stm32cube.ide.mcu.externaltools.gnu-tools-for-stm32.12.3.rel1.linux64_1.0.100.202403111256/tools/bin/../lib/gcc/arm-none-eabi/12.3.1/thumb/v7e-m+fp/hard/libgcc.a

.debug_info     0x00000000    0x100f4
 .debug_info    0x00000000     0x1396 ./Core/Src/main.o
 .debug_info    0x00001396      0x957 ./Core/Src/stm32f4xx_hal_msp.o
 .debug_info    0x00001ced      0xbe0 ./Core/Src/stm32f4xx_hal_timebase_tim.o
 .debug_info    0x000028cd      0x6d4 ./Core/Src/stm32f4xx_it.o
 .debug_info    0x00002fa1      0x512 ./Core/Src/system_stm32f4xx.o
 .debug_info    0x000034b3       0x30 ./Core/Startup/startup_stm32f407vgtx.o
 .debug_info    0x000034e3      0x944 ./Drivers/STM32F4xx_HAL_Driver/Src/stm32f4xx_hal.o
 .debug_info    0x00003e27      0xd57 ./Drivers/STM32F4xx_HAL_Driver/Src/stm32f4xx_hal_cortex.o
 .debug_info    0x00004b7e      0x8e7 ./Drivers/STM32F4xx_HAL_Driver/Src/stm32f4xx_hal_dma.o
 .debug_info    0x00005465      0x6c3 ./Drivers/STM32F4xx_HAL_Driver/Src/stm32f4xx_hal_gpio.o
 .debug_info    0x00005b28      0x8b1 ./Drivers/STM32F4xx_HAL_Driver/Src/stm32f4xx_hal_rcc.o
 .debug_info    0x000063d9     0x299d ./Drivers/STM32F4xx_HAL_Driver/Src/stm32f4xx_hal_tim.o
 .debug_info    0x00008d76     0x14db ./Drivers/STM32F4xx_HAL_Driver/Src/stm32f4xx_hal_tim_ex.o
 .debug_info    0x0000a251     0x2f4f ./Drivers/STM32F4xx_HAL_Driver/Src/stm32f4xx_hal_uart.o
 .debug_info    0x0000d1a0      0x2af ./ThirdParty/list.o
 .debug_info    0x0000d44f     0x22ef ./ThirdParty/tasks.o
 .debug_info    0x0000f73e      0x4e1 ./ThirdParty/portable/GCC/ARM_CM4F/port.o
 .debug_info    0x0000fc1f      0x4d5 ./ThirdParty/portable/MemMang/heap_4.o

.debug_abbrev   0x00000000     0x2748
 .debug_abbrev  0x00000000      0x337 ./Core/Src/main.o
 .debug_abbrev  0x00000337      0x1ec ./Core/Src/stm32f4xx_hal_msp.o
 .debug_abbrev  0x00000523      0x1f4 ./Core/Src/stm32f4xx_hal_timebase_tim.o
 .debug_abbrev  0x00000717      0x181 ./Core/Src/stm32f4xx_it.o
 .debug_abbrev  0x00000898      0x11a ./Core/Src/system_stm32f4xx.o
 .debug_abbrev  0x000009b2       0x24 ./Core/Startup/startup_stm32f407vgtx.o
 .debug_abbrev  0x000009d6      0x214 ./Drivers/STM32F4xx_HAL_Driver/Src/stm32f4xx_hal.o
 .debug_abbrev  0x00000bea      0x328 ./Drivers/STM32F4xx_HAL_Driver/Src/stm32f4xx_hal_cortex.o
 .debug_abbrev  0x00000f12      0x264 ./Drivers/STM32F4xx_HAL_Driver/Src/stm32f4xx_hal_dma.o
 .debug_abbrev  0x00001176      0x1d4 ./Drivers/STM32F4xx_HAL_Driver/Src/stm32f4xx_hal_gpio.o
 .debug_abbrev  0x0000134a      0x2b6 ./Drivers/STM32F4xx_HAL_Driver/Src/stm32f4xx_hal_rcc.o
 .debug_abbrev  0x00001600      0x278 ./Drivers/STM32F4xx_HAL_Driver/Src/stm32f4xx_hal_tim.o
 .debug_abbrev  0x00001878      0x283 ./Drivers/STM32F4xx_HAL_Driver/Src/stm32f4xx_hal_tim_ex.o
 .debug_abbrev  0x00001afb      0x30e ./Drivers/STM32F4xx_HAL_Driver/Src/stm32f4xx_hal_uart.o
 .debug_abbrev  0x00001e09       0xf5 ./ThirdParty/list.o
 .debug_abbrev  0x00001efe      0x3d3 ./ThirdParty/tasks.o
 .debug_abbrev  0x000022d1      0x25a ./ThirdParty/portable/GCC/ARM_CM4F/port.o
 .debug_abbrev  0x0000252b      0x21d ./ThirdParty/portable/MemMang/heap_4.o

.debug_aranges  0x00000000      0xef8
 .debug_aranges
                0x00000000       0x60 ./Core/Src/main.o
 .debug_aranges
                0x00000060       0x30 ./Core/Src/stm32f4xx_hal_msp.o
 .debug_aranges
                0x00000090       0x30 ./Core/Src/stm32f4xx_hal_timebase_tim.o
 .debug_aranges
                0x000000c0       0x58 ./Core/Src/stm32f4xx_it.o
 .debug_aranges
                0x00000118       0x28 ./Core/Src/system_stm32f4xx.o
 .debug_aranges
                0x00000140       0x28 ./Core/Startup/startup_stm32f407vgtx.o
 .debug_aranges
                0x00000168       0xf0 ./Drivers/STM32F4xx_HAL_Driver/Src/stm32f4xx_hal.o
 .debug_aranges
                0x00000258      0x120 ./Drivers/STM32F4xx_HAL_Driver/Src/stm32f4xx_hal_cortex.o
 .debug_aranges
                0x00000378       0x90 ./Drivers/STM32F4xx_HAL_Driver/Src/stm32f4xx_hal_dma.o
 .debug_aranges
                0x00000408       0x58 ./Drivers/STM32F4xx_HAL_Driver/Src/stm32f4xx_hal_gpio.o
 .debug_aranges
                0x00000460       0x88 ./Drivers/STM32F4xx_HAL_Driver/Src/stm32f4xx_hal_rcc.o
 .debug_aranges
                0x000004e8      0x3d0 ./Drivers/STM32F4xx_HAL_Driver/Src/stm32f4xx_hal_tim.o
 .debug_aranges
                0x000008b8      0x168 ./Drivers/STM32F4xx_HAL_Driver/Src/stm32f4xx_hal_tim_ex.o
 .debug_aranges
                0x00000a20      0x208 ./Drivers/STM32F4xx_HAL_Driver/Src/stm32f4xx_hal_uart.o
 .debug_aranges
                0x00000c28       0x40 ./ThirdParty/list.o
 .debug_aranges
                0x00000c68      0x1b8 ./ThirdParty/tasks.o
 .debug_aranges
                0x00000e20       0x80 ./ThirdParty/portable/GCC/ARM_CM4F/port.o
 .debug_aranges
                0x00000ea0       0x58 ./ThirdParty/portable/MemMang/heap_4.o

.debug_rnglists
                0x00000000      0xbb1
 .debug_rnglists
                0x00000000       0x45 ./Core/Src/main.o
 .debug_rnglists
                0x00000045       0x20 ./Core/Src/stm32f4xx_hal_msp.o
 .debug_rnglists
                0x00000065       0x20 ./Core/Src/stm32f4xx_hal_timebase_tim.o
 .debug_rnglists
                0x00000085       0x3d ./Core/Src/stm32f4xx_it.o
 .debug_rnglists
                0x000000c2       0x1a ./Core/Src/system_stm32f4xx.o
 .debug_rnglists
                0x000000dc       0x19 ./Core/Startup/startup_stm32f407vgtx.o
 .debug_rnglists
                0x000000f5       0xaf ./Drivers/STM32F4xx_HAL_Driver/Src/stm32f4xx_hal.o
 .debug_rnglists
                0x000001a4       0xd4 ./Drivers/STM32F4xx_HAL_Driver/Src/stm32f4xx_hal_cortex.o
 .debug_rnglists
                0x00000278       0x70 ./Drivers/STM32F4xx_HAL_Driver/Src/stm32f4xx_hal_dma.o
 .debug_rnglists
                0x000002e8       0x3f ./Drivers/STM32F4xx_HAL_Driver/Src/stm32f4xx_hal_gpio.o
 .debug_rnglists
                0x00000327       0x66 ./Drivers/STM32F4xx_HAL_Driver/Src/stm32f4xx_hal_rcc.o
 .debug_rnglists
                0x0000038d      0x31a ./Drivers/STM32F4xx_HAL_Driver/Src/stm32f4xx_hal_tim.o
 .debug_rnglists
                0x000006a7      0x125 ./Drivers/STM32F4xx_HAL_Driver/Src/stm32f4xx_hal_tim_ex.o
 .debug_rnglists
                0x000007cc      0x1bc ./Drivers/STM32F4xx_HAL_Driver/Src/stm32f4xx_hal_uart.o
 .debug_rnglists
                0x00000988       0x2b ./ThirdParty/list.o
 .debug_rnglists
                0x000009b3      0x15f ./ThirdParty/tasks.o
 .debug_rnglists
                0x00000b12       0x5d ./ThirdParty/portable/GCC/ARM_CM4F/port.o
 .debug_rnglists
                0x00000b6f       0x42 ./ThirdParty/portable/MemMang/heap_4.o

.debug_macro    0x00000000    0x21f78
 .debug_macro   0x00000000      0x326 ./Core/Src/main.o
 .debug_macro   0x00000326      0xab4 ./Core/Src/main.o
 .debug_macro   0x00000dda      0x29b ./Core/Src/main.o
 .debug_macro   0x00001075       0x2e ./Core/Src/main.o
 .debug_macro   0x000010a3       0x2f ./Core/Src/main.o
 .debug_macro   0x000010d2       0x22 ./Core/Src/main.o
 .debug_macro   0x000010f4       0x8e ./Core/Src/main.o
 .debug_macro   0x00001182       0x51 ./Core/Src/main.o
 .debug_macro   0x000011d3      0x103 ./Core/Src/main.o
 .debug_macro   0x000012d6       0x6a ./Core/Src/main.o
 .debug_macro   0x00001340      0x1df ./Core/Src/main.o
 .debug_macro   0x0000151f       0x1c ./Core/Src/main.o
 .debug_macro   0x0000153b       0x22 ./Core/Src/main.o
 .debug_macro   0x0000155d       0xfb ./Core/Src/main.o
 .debug_macro   0x00001658     0x1011 ./Core/Src/main.o
 .debug_macro   0x00002669      0x11f ./Core/Src/main.o
 .debug_macro   0x00002788    0x15e97 ./Core/Src/main.o
 .debug_macro   0x0001861f       0x6d ./Core/Src/main.o
 .debug_macro   0x0001868c     0x368c ./Core/Src/main.o
 .debug_macro   0x0001bd18      0x189 ./Core/Src/main.o
 .debug_macro   0x0001bea1       0x5c ./Core/Src/main.o
 .debug_macro   0x0001befd      0x980 ./Core/Src/main.o
 .debug_macro   0x0001c87d      0x9e9 ./Core/Src/main.o
 .debug_macro   0x0001d266      0x115 ./Core/Src/main.o
 .debug_macro   0x0001d37b      0x13e ./Core/Src/main.o
 .debug_macro   0x0001d4b9       0xa5 ./Core/Src/main.o
 .debug_macro   0x0001d55e      0x174 ./Core/Src/main.o
 .debug_macro   0x0001d6d2      0x287 ./Core/Src/main.o
 .debug_macro   0x0001d959       0x5f ./Core/Src/main.o
 .debug_macro   0x0001d9b8      0x236 ./Core/Src/main.o
 .debug_macro   0x0001dbee      0x12c ./Core/Src/main.o
 .debug_macro   0x0001dd1a      0x21e ./Core/Src/main.o
 .debug_macro   0x0001df38       0x2e ./Core/Src/main.o
 .debug_macro   0x0001df66      0x127 ./Core/Src/main.o
 .debug_macro   0x0001e08d       0x7e ./Core/Src/main.o
 .debug_macro   0x0001e10b       0x89 ./Core/Src/main.o
 .debug_macro   0x0001e194      0x8ed ./Core/Src/main.o
 .debug_macro   0x0001ea81       0x4d ./Core/Src/main.o
 .debug_macro   0x0001eace      0x2aa ./Core/Src/main.o
 .debug_macro   0x0001ed78      0x12d ./Core/Src/main.o
 .debug_macro   0x0001eea5       0xf1 ./Core/Src/main.o
 .debug_macro   0x0001ef96      0x15a ./Core/Src/main.o
 .debug_macro   0x0001f0f0       0xe4 ./Core/Src/main.o
 .debug_macro   0x0001f1d4       0x1c ./Core/Src/main.o
 .debug_macro   0x0001f1f0       0x26 ./Core/Src/main.o
 .debug_macro   0x0001f216       0x61 ./Core/Src/main.o
 .debug_macro   0x0001f277       0x2a ./Core/Src/main.o
 .debug_macro   0x0001f2a1       0x43 ./Core/Src/main.o
 .debug_macro   0x0001f2e4       0x34 ./Core/Src/main.o
 .debug_macro   0x0001f318       0x16 ./Core/Src/main.o
 .debug_macro   0x0001f32e       0x43 ./Core/Src/main.o
 .debug_macro   0x0001f371       0x34 ./Core/Src/main.o
 .debug_macro   0x0001f3a5       0x10 ./Core/Src/main.o
 .debug_macro   0x0001f3b5       0x58 ./Core/Src/main.o
 .debug_macro   0x0001f40d       0x8e ./Core/Src/main.o
 .debug_macro   0x0001f49b       0x1c ./Core/Src/main.o
 .debug_macro   0x0001f4b7      0x177 ./Core/Src/main.o
 .debug_macro   0x0001f62e       0x10 ./Core/Src/main.o
 .debug_macro   0x0001f63e       0x35 ./Core/Src/main.o
 .debug_macro   0x0001f673      0x50c ./Core/Src/main.o
 .debug_macro   0x0001fb7f       0xb5 ./Core/Src/main.o
 .debug_macro   0x0001fc34      0x120 ./Core/Src/main.o
 .debug_macro   0x0001fd54      0x369 ./Core/Src/main.o
 .debug_macro   0x000200bd       0x10 ./Core/Src/main.o
 .debug_macro   0x000200cd       0x20 ./Core/Src/main.o
 .debug_macro   0x000200ed      0x1d8 ./Core/Src/stm32f4xx_hal_msp.o
 .debug_macro   0x000202c5      0x1ce ./Core/Src/stm32f4xx_hal_timebase_tim.o
 .debug_macro   0x00020493      0x1e2 ./Core/Src/stm32f4xx_it.o
 .debug_macro   0x00020675      0x1ce ./Core/Src/system_stm32f4xx.o
 .debug_macro   0x00020843      0x22e ./Drivers/STM32F4xx_HAL_Driver/Src/stm32f4xx_hal.o
 .debug_macro   0x00020a71      0x1ce ./Drivers/STM32F4xx_HAL_Driver/Src/stm32f4xx_hal_cortex.o
 .debug_macro   0x00020c3f      0x1d4 ./Drivers/STM32F4xx_HAL_Driver/Src/stm32f4xx_hal_dma.o
 .debug_macro   0x00020e13      0x1d4 ./Drivers/STM32F4xx_HAL_Driver/Src/stm32f4xx_hal_gpio.o
 .debug_macro   0x00020fe7      0x1f2 ./Drivers/STM32F4xx_HAL_Driver/Src/stm32f4xx_hal_rcc.o
 .debug_macro   0x000211d9      0x1cf ./Drivers/STM32F4xx_HAL_Driver/Src/stm32f4xx_hal_tim.o
 .debug_macro   0x000213a8      0x1ce ./Drivers/STM32F4xx_HAL_Driver/Src/stm32f4xx_hal_tim_ex.o
 .debug_macro   0x00021576      0x1cf ./Drivers/STM32F4xx_HAL_Driver/Src/stm32f4xx_hal_uart.o
 .debug_macro   0x00021745      0x1a5 ./ThirdParty/list.o
 .debug_macro   0x000218ea      0x28b ./ThirdParty/tasks.o
 .debug_macro   0x00021b75       0x10 ./ThirdParty/tasks.o
 .debug_macro   0x00021b85      0x233 ./ThirdParty/portable/GCC/ARM_CM4F/port.o
 .debug_macro   0x00021db8      0x1c0 ./ThirdParty/portable/MemMang/heap_4.o

.debug_line     0x00000000    0x10e25
 .debug_line    0x00000000      0xa60 ./Core/Src/main.o
 .debug_line    0x00000a60      0x710 ./Core/Src/stm32f4xx_hal_msp.o
 .debug_line    0x00001170      0x70c ./Core/Src/stm32f4xx_hal_timebase_tim.o
 .debug_line    0x0000187c      0x750 ./Core/Src/stm32f4xx_it.o
 .debug_line    0x00001fcc      0x720 ./Core/Src/system_stm32f4xx.o
 .debug_line    0x000026ec       0x7a ./Core/Startup/startup_stm32f407vgtx.o
 .debug_line    0x00002766      0x989 ./Drivers/STM32F4xx_HAL_Driver/Src/stm32f4xx_hal.o
 .debug_line    0x000030ef      0xc51 ./Drivers/STM32F4xx_HAL_Driver/Src/stm32f4xx_hal_cortex.o
 .debug_line    0x00003d40      0xef9 ./Drivers/STM32F4xx_HAL_Driver/Src/stm32f4xx_hal_dma.o
 .debug_line    0x00004c39      0xb15 ./Drivers/STM32F4xx_HAL_Driver/Src/stm32f4xx_hal_gpio.o
 .debug_line    0x0000574e      0xcfc ./Drivers/STM32F4xx_HAL_Driver/Src/stm32f4xx_hal_rcc.o
 .debug_line    0x0000644a     0x372d ./Drivers/STM32F4xx_HAL_Driver/Src/stm32f4xx_hal_tim.o
 .debug_line    0x00009b77     0x197f ./Drivers/STM32F4xx_HAL_Driver/Src/stm32f4xx_hal_tim_ex.o
 .debug_line    0x0000b4f6     0x285b ./Drivers/STM32F4xx_HAL_Driver/Src/stm32f4xx_hal_uart.o
 .debug_line    0x0000dd51      0x68d ./ThirdParty/list.o
 .debug_line    0x0000e3de     0x1924 ./ThirdParty/tasks.o
 .debug_line    0x0000fd02      0x871 ./ThirdParty/portable/GCC/ARM_CM4F/port.o
 .debug_line    0x00010573      0x8b2 ./ThirdParty/portable/MemMang/heap_4.o

.debug_str      0x00000000    0xd1d16
 .debug_str     0x00000000    0xcc682 ./Core/Src/main.o
                              0xcca4a (size before relaxing)
 .debug_str     0x000cc682       0x82 ./Core/Src/stm32f4xx_hal_msp.o
                              0xc4376 (size before relaxing)
 .debug_str     0x000cc704       0xf7 ./Core/Src/stm32f4xx_hal_timebase_tim.o
                              0xc497d (size before relaxing)
 .debug_str     0x000cc7fb       0xe9 ./Core/Src/stm32f4xx_it.o
                              0xc42d6 (size before relaxing)
 .debug_str     0x000cc8e4       0xdb ./Core/Src/system_stm32f4xx.o
                              0xc3e96 (size before relaxing)
 .debug_str     0x000cc9bf       0x44 ./Core/Startup/startup_stm32f407vgtx.o
                                 0x68 (size before relaxing)
 .debug_str     0x000cca03      0x5c9 ./Drivers/STM32F4xx_HAL_Driver/Src/stm32f4xx_hal.o
                              0xc4a1a (size before relaxing)
 .debug_str     0x000ccfcc      0x347 ./Drivers/STM32F4xx_HAL_Driver/Src/stm32f4xx_hal_cortex.o
                              0xc4764 (size before relaxing)
 .debug_str     0x000cd313      0x2ee ./Drivers/STM32F4xx_HAL_Driver/Src/stm32f4xx_hal_dma.o
                              0xc42b0 (size before relaxing)
 .debug_str     0x000cd601      0x10e ./Drivers/STM32F4xx_HAL_Driver/Src/stm32f4xx_hal_gpio.o
                              0xc4011 (size before relaxing)
 .debug_str     0x000cd70f      0x1fd ./Drivers/STM32F4xx_HAL_Driver/Src/stm32f4xx_hal_rcc.o
                              0xc42ca (size before relaxing)
 .debug_str     0x000cd90c      0xe4c ./Drivers/STM32F4xx_HAL_Driver/Src/stm32f4xx_hal_tim.o
                              0xc5220 (size before relaxing)
 .debug_str     0x000ce758      0x503 ./Drivers/STM32F4xx_HAL_Driver/Src/stm32f4xx_hal_tim_ex.o
                              0xc4a2c (size before relaxing)
 .debug_str     0x000cec5b      0x5fe ./Drivers/STM32F4xx_HAL_Driver/Src/stm32f4xx_hal_uart.o
                              0xc48ab (size before relaxing)
 .debug_str     0x000cf259      0x25c ./ThirdParty/list.o
                               0xac36 (size before relaxing)
 .debug_str     0x000cf4b5     0x1df3 ./ThirdParty/tasks.o
                               0xddd8 (size before relaxing)
 .debug_str     0x000d12a8      0x75e ./ThirdParty/portable/GCC/ARM_CM4F/port.o
                               0xaf69 (size before relaxing)
 .debug_str     0x000d1a06      0x310 ./ThirdParty/portable/MemMang/heap_4.o
                               0xc0ff (size before relaxing)

.comment        0x00000000       0x43
 .comment       0x00000000       0x43 ./Core/Src/main.o
                                 0x44 (size before relaxing)
 .comment       0x00000043       0x44 ./Core/Src/stm32f4xx_hal_msp.o
 .comment       0x00000043       0x44 ./Core/Src/stm32f4xx_hal_timebase_tim.o
 .comment       0x00000043       0x44 ./Core/Src/stm32f4xx_it.o
 .comment       0x00000043       0x44 ./Core/Src/system_stm32f4xx.o
 .comment       0x00000043       0x44 ./Drivers/STM32F4xx_HAL_Driver/Src/stm32f4xx_hal.o
 .comment       0x00000043       0x44 ./Drivers/STM32F4xx_HAL_Driver/Src/stm32f4xx_hal_cortex.o
 .comment       0x00000043       0x44 ./Drivers/STM32F4xx_HAL_Driver/Src/stm32f4xx_hal_dma.o
 .comment       0x00000043       0x44 ./Drivers/STM32F4xx_HAL_Driver/Src/stm32f4xx_hal_gpio.o
 .comment       0x00000043       0x44 ./Drivers/STM32F4xx_HAL_Driver/Src/stm32f4xx_hal_rcc.o
 .comment       0x00000043       0x44 ./Drivers/STM32F4xx_HAL_Driver/Src/stm32f4xx_hal_tim.o
 .comment       0x00000043       0x44 ./Drivers/STM32F4xx_HAL_Driver/Src/stm32f4xx_hal_tim_ex.o
 .comment       0x00000043       0x44 ./Drivers/STM32F4xx_HAL_Driver/Src/stm32f4xx_hal_uart.o
 .comment       0x00000043       0x44 ./ThirdParty/list.o
 .comment       0x00000043       0x44 ./ThirdParty/tasks.o
 .comment       0x00000043       0x44 ./ThirdParty/portable/GCC/ARM_CM4F/port.o
 .comment       0x00000043       0x44 ./ThirdParty/portable/MemMang/heap_4.o

.debug_frame    0x00000000     0x410c
 .debug_frame   0x00000000      0x134 ./Core/Src/main.o
 .debug_frame   0x00000134       0x80 ./Core/Src/stm32f4xx_hal_msp.o
 .debug_frame   0x000001b4       0x74 ./Core/Src/stm32f4xx_hal_timebase_tim.o
 .debug_frame   0x00000228       0xe0 ./Core/Src/stm32f4xx_it.o
 .debug_frame   0x00000308       0x58 ./Core/Src/system_stm32f4xx.o
 .debug_frame   0x00000360      0x374 ./Drivers/STM32F4xx_HAL_Driver/Src/stm32f4xx_hal.o
 .debug_frame   0x000006d4      0x4b8 ./Drivers/STM32F4xx_HAL_Driver/Src/stm32f4xx_hal_cortex.o
 .debug_frame   0x00000b8c      0x250 ./Drivers/STM32F4xx_HAL_Driver/Src/stm32f4xx_hal_dma.o
 .debug_frame   0x00000ddc      0x14c ./Drivers/STM32F4xx_HAL_Driver/Src/stm32f4xx_hal_gpio.o
 .debug_frame   0x00000f28      0x1f4 ./Drivers/STM32F4xx_HAL_Driver/Src/stm32f4xx_hal_rcc.o
 .debug_frame   0x0000111c     0x11c0 ./Drivers/STM32F4xx_HAL_Driver/Src/stm32f4xx_hal_tim.o
 .debug_frame   0x000022dc      0x638 ./Drivers/STM32F4xx_HAL_Driver/Src/stm32f4xx_hal_tim_ex.o
 .debug_frame   0x00002914      0x954 ./Drivers/STM32F4xx_HAL_Driver/Src/stm32f4xx_hal_uart.o
 .debug_frame   0x00003268       0xd8 ./ThirdParty/list.o
 .debug_frame   0x00003340      0x768 ./ThirdParty/tasks.o
 .debug_frame   0x00003aa8      0x1a8 ./ThirdParty/portable/GCC/ARM_CM4F/port.o
 .debug_frame   0x00003c50      0x12c ./ThirdParty/portable/MemMang/heap_4.o
 .debug_frame   0x00003d7c      0x144 /opt/st/stm32cubeide_1.15.1_2/plugins/com.st.stm32cube.ide.mcu.externaltools.gnu-tools-for-stm32.12.3.rel1.linux64_1.0.100.202403111256/tools/bin/../lib/gcc/arm-none-eabi/12.3.1/../../../../arm-none-eabi/lib/thumb/v7e-m+fp/hard/libc_nano.a(libc_a-findfp.o)
 .debug_frame   0x00003ec0       0x20 /opt/st/stm32cubeide_1.15.1_2/plugins/com.st.stm32cube.ide.mcu.externaltools.gnu-tools-for-stm32.12.3.rel1.linux64_1.0.100.202403111256/tools/bin/../lib/gcc/arm-none-eabi/12.3.1/../../../../arm-none-eabi/lib/thumb/v7e-m+fp/hard/libc_nano.a(libc_a-memset.o)
 .debug_frame   0x00003ee0       0x38 /opt/st/stm32cubeide_1.15.1_2/plugins/com.st.stm32cube.ide.mcu.externaltools.gnu-tools-for-stm32.12.3.rel1.linux64_1.0.100.202403111256/tools/bin/../lib/gcc/arm-none-eabi/12.3.1/../../../../arm-none-eabi/lib/thumb/v7e-m+fp/hard/libc_nano.a(libc_a-reent.o)
 .debug_frame   0x00003f18       0x2c /opt/st/stm32cubeide_1.15.1_2/plugins/com.st.stm32cube.ide.mcu.externaltools.gnu-tools-for-stm32.12.3.rel1.linux64_1.0.100.202403111256/tools/bin/../lib/gcc/arm-none-eabi/12.3.1/../../../../arm-none-eabi/lib/thumb/v7e-m+fp/hard/libc_nano.a(libc_a-init.o)
 .debug_frame   0x00003f44       0xb0 /opt/st/stm32cubeide_1.15.1_2/plugins/com.st.stm32cube.ide.mcu.externaltools.gnu-tools-for-stm32.12.3.rel1.linux64_1.0.100.202403111256/tools/bin/../lib/gcc/arm-none-eabi/12.3.1/../../../../arm-none-eabi/lib/thumb/v7e-m+fp/hard/libc_nano.a(libc_a-lock.o)
 .debug_frame   0x00003ff4       0x38 /opt/st/stm32cubeide_1.15.1_2/plugins/com.st.stm32cube.ide.mcu.externaltools.gnu-tools-for-stm32.12.3.rel1.linux64_1.0.100.202403111256/tools/bin/../lib/gcc/arm-none-eabi/12.3.1/../../../../arm-none-eabi/lib/thumb/v7e-m+fp/hard/libc_nano.a(libc_a-freer.o)
 .debug_frame   0x0000402c       0x50 /opt/st/stm32cubeide_1.15.1_2/plugins/com.st.stm32cube.ide.mcu.externaltools.gnu-tools-for-stm32.12.3.rel1.linux64_1.0.100.202403111256/tools/bin/../lib/gcc/arm-none-eabi/12.3.1/../../../../arm-none-eabi/lib/thumb/v7e-m+fp/hard/libc_nano.a(libc_a-mallocr.o)
 .debug_frame   0x0000407c       0x30 /opt/st/stm32cubeide_1.15.1_2/plugins/com.st.stm32cube.ide.mcu.externaltools.gnu-tools-for-stm32.12.3.rel1.linux64_1.0.100.202403111256/tools/bin/../lib/gcc/arm-none-eabi/12.3.1/../../../../arm-none-eabi/lib/thumb/v7e-m+fp/hard/libc_nano.a(libc_a-mlock.o)
 .debug_frame   0x000040ac       0x2c /opt/st/stm32cubeide_1.15.1_2/plugins/com.st.stm32cube.ide.mcu.externaltools.gnu-tools-for-stm32.12.3.rel1.linux64_1.0.100.202403111256/tools/bin/../lib/gcc/arm-none-eabi/12.3.1/thumb/v7e-m+fp/hard/libgcc.a(_aeabi_uldivmod.o)
 .debug_frame   0x000040d8       0x34 /opt/st/stm32cubeide_1.15.1_2/plugins/com.st.stm32cube.ide.mcu.externaltools.gnu-tools-for-stm32.12.3.rel1.linux64_1.0.100.202403111256/tools/bin/../lib/gcc/arm-none-eabi/12.3.1/thumb/v7e-m+fp/hard/libgcc.a(_udivmoddi4.o)

.debug_line_str
                0x00000000       0x4c
 .debug_line_str
                0x00000000       0x4c ./Core/Startup/startup_stm32f407vgtx.o
